Component: Arm Compiler for Embedded 6.24 Tool: armlink [5f371500]

==============================================================================

Section Cross References

    main.o(.text.main) refers to sysclock.o(.text.System_Clock_Init) for System_Clock_Init
    main.o(.text.main) refers to systimer.o(.text.SysTick_Init) for SysTick_Init
    main.o(.text.main) refers to i2c.o(.text.I2C_GPIO_init) for I2C_GPIO_init
    main.o(.text.main) refers to i2c.o(.text.I2C_Initialization) for I2C_Initialization
    main.o(.text.main) refers to uart.o(.text.UART2_Init) for UART2_Init
    main.o(.text.main) refers to button.o(.text.Button_Init) for Button_Init
    main.o(.text.main) refers to dac.o(.text.InitDAC) for InitDAC
    main.o(.text.main) refers to main.o(.text.TIM4_CH1_Init) for TIM4_CH1_Init
    main.o(.text.main) refers to dac.o(.text.TIM6_Init) for TIM6_Init
    main.o(.text.main) refers to led.o(.text.LED_Init) for LED_Init
    main.o(.text.main) refers to systimer.o(.text.delay) for delay
    main.o(.text.main) refers to main.o(.text.TIM3_CH2_Init) for TIM3_CH2_Init
    main.o(.text.main) refers to main.o(.text.Display_Inches) for Display_Inches
    main.o(.ARM.exidx.text.main) refers to main.o(.text.main) for [Anonymous Symbol]
    main.o(.text.TIM4_CH1_Init) refers to main.o(.text.__NVIC_SetPriority) for __NVIC_SetPriority
    main.o(.text.TIM4_CH1_Init) refers to main.o(.text.__NVIC_EnableIRQ) for __NVIC_EnableIRQ
    main.o(.ARM.exidx.text.TIM4_CH1_Init) refers to main.o(.text.TIM4_CH1_Init) for [Anonymous Symbol]
    main.o(.ARM.exidx.text.TIM3_CH2_Init) refers to main.o(.text.TIM3_CH2_Init) for [Anonymous Symbol]
    main.o(.text.Display_Inches) refers to main.o(.bss.time) for time
    main.o(.text.Display_Inches) refers to dflt_clz.o(x$fpl$dflt) for __aeabi_i2d
    main.o(.text.Display_Inches) refers to ddiv.o(x$fpl$ddiv) for __aeabi_ddiv
    main.o(.text.Display_Inches) refers to d2f.o(x$fpl$d2f) for __aeabi_d2f
    main.o(.text.Display_Inches) refers to main.o(.rodata.str1.1) for .L.str.1
    main.o(.text.Display_Inches) refers to printf.o(.text) for printf
    main.o(.text.Display_Inches) refers to dac.o(.text.playNote) for playNote
    main.o(.text.Display_Inches) refers to led.o(.text.LED_On) for LED_On
    main.o(.text.Display_Inches) refers to led.o(.text.LED_Off) for LED_Off
    main.o(.text.Display_Inches) refers to f2d.o(x$fpl$f2d) for __aeabi_f2d
    main.o(.ARM.exidx.text.Display_Inches) refers to main.o(.text.Display_Inches) for [Anonymous Symbol]
    main.o(.text.OLED_DisplayString) refers to ssd1306.o(.text.ssd1306_Fill) for ssd1306_Fill
    main.o(.text.OLED_DisplayString) refers to ssd1306.o(.text.ssd1306_SetCursor) for ssd1306_SetCursor
    main.o(.text.OLED_DisplayString) refers to ssd1306_fonts.o(.data.Font_11x18) for Font_11x18
    main.o(.text.OLED_DisplayString) refers to ssd1306.o(.text.ssd1306_WriteString) for ssd1306_WriteString
    main.o(.text.OLED_DisplayString) refers to ssd1306.o(.text.ssd1306_UpdateScreen) for ssd1306_UpdateScreen
    main.o(.ARM.exidx.text.OLED_DisplayString) refers to main.o(.text.OLED_DisplayString) for [Anonymous Symbol]
    main.o(.ARM.exidx.text.__NVIC_SetPriority) refers to main.o(.text.__NVIC_SetPriority) for [Anonymous Symbol]
    main.o(.ARM.exidx.text.__NVIC_EnableIRQ) refers to main.o(.text.__NVIC_EnableIRQ) for [Anonymous Symbol]
    main.o(.text.TIM4_IRQHandler) refers to main.o(.bss.overflow) for overflow
    main.o(.text.TIM4_IRQHandler) refers to main.o(.bss.current) for current
    main.o(.text.TIM4_IRQHandler) refers to main.o(.bss.last) for last
    main.o(.text.TIM4_IRQHandler) refers to main.o(.bss.time) for time
    main.o(.ARM.exidx.text.TIM4_IRQHandler) refers to main.o(.text.TIM4_IRQHandler) for [Anonymous Symbol]
    main.o(.text.Display_Centimeters) refers to main.o(.bss.time) for time
    main.o(.text.Display_Centimeters) refers to dflt_clz.o(x$fpl$dflt) for __aeabi_i2d
    main.o(.text.Display_Centimeters) refers to ddiv.o(x$fpl$ddiv) for __aeabi_ddiv
    main.o(.text.Display_Centimeters) refers to d2f.o(x$fpl$d2f) for __aeabi_d2f
    main.o(.text.Display_Centimeters) refers to f2d.o(x$fpl$f2d) for __aeabi_f2d
    main.o(.text.Display_Centimeters) refers to main.o(.rodata.str1.1) for .L.str
    main.o(.text.Display_Centimeters) refers to sprintf.o(.text) for sprintf
    main.o(.text.Display_Centimeters) refers to main.o(.text.OLED_DisplayString) for OLED_DisplayString
    main.o(.ARM.exidx.text.Display_Centimeters) refers to main.o(.text.Display_Centimeters) for [Anonymous Symbol]
    startup_stm32l476xx.o(STACK) refers (Special) to heapauxi.o(.text) for __use_two_region_memory
    startup_stm32l476xx.o(HEAP) refers (Special) to heapauxi.o(.text) for __use_two_region_memory
    startup_stm32l476xx.o(RESET) refers (Special) to heapauxi.o(.text) for __use_two_region_memory
    startup_stm32l476xx.o(RESET) refers to startup_stm32l476xx.o(STACK) for __initial_sp
[...]
    ../mathlib/rred.c                        0x00000000   Number         0  rred.o ABSOLUTE
    ../mathlib/sin.c                         0x00000000   Number         0  sin.o ABSOLUTE
    ../mathlib/sin_i.c                       0x00000000   Number         0  sin_i.o ABSOLUTE
    Button.c                                 0x00000000   Number         0  button.o ABSOLUTE
    DAC.c                                    0x00000000   Number         0  dac.o ABSOLUTE
    I2C.c                                    0x00000000   Number         0  i2c.o ABSOLUTE
    LED.c                                    0x00000000   Number         0  led.o ABSOLUTE
    SysClock.c                               0x00000000   Number         0  sysclock.o ABSOLUTE
    SysTimer.c                               0x00000000   Number         0  systimer.o ABSOLUTE
    UART.c                                   0x00000000   Number         0  uart.o ABSOLUTE
    UART_printf.c                            0x00000000   Number         0  uart_printf.o ABSOLUTE
    dc.s                                     0x00000000   Number         0  dc.o ABSOLUTE
    main.c                                   0x00000000   Number         0  main.o ABSOLUTE
    ssd1306.c                                0x00000000   Number         0  ssd1306.o ABSOLUTE
    ssd1306_fonts.c                          0x00000000   Number         0  ssd1306_fonts.o ABSOLUTE
    startup_stm32l476xx.s                    0x00000000   Number         0  startup_stm32l476xx.o ABSOLUTE
    RESET                                    0x08000000   Section      392  startup_stm32l476xx.o(RESET)
    !!!main                                  0x08000188   Section        8  __main.o(!!!main)
    !!!scatter                               0x08000190   Section       92  __scatter.o(!!!scatter)
    !!handler_null                           0x080001ec   Section        2  __scatter.o(!!handler_null)
    !!handler_zi                             0x080001f0   Section       28  __scatter_zi.o(!!handler_zi)
    .ARM.Collect$$_printf_percent$$00000000  0x0800020c   Section        0  _printf_percent.o(.ARM.Collect$$_printf_percent$$00000000)
    .ARM.Collect$$_printf_percent$$00000001  0x0800020c   Section        6  _printf_n.o(.ARM.Collect$$_printf_percent$$00000001)
    .ARM.Collect$$_printf_percent$$00000002  0x08000212   Section        6  _printf_p.o(.ARM.Collect$$_printf_percent$$00000002)
    .ARM.Collect$$_printf_percent$$00000003  0x08000218   Section        6  _printf_f.o(.ARM.Collect$$_printf_percent$$00000003)
    .ARM.Collect$$_printf_percent$$00000004  0x0800021e   Section        6  _printf_e.o(.ARM.Collect$$_printf_percent$$00000004)
    .ARM.Collect$$_printf_percent$$00000005  0x08000224   Section        6  _printf_g.o(.ARM.Collect$$_printf_percent$$00000005)
    .ARM.Collect$$_printf_percent$$00000006  0x0800022a   Section        6  _printf_a.o(.ARM.Collect$$_printf_percent$$00000006)
    .ARM.Collect$$_printf_percent$$00000007  0x08000230   Section       10  _printf_ll.o(.ARM.Collect$$_printf_percent$$00000007)
    .ARM.Collect$$_printf_percent$$00000008  0x0800023a   Section        6  _printf_i.o(.ARM.Collect$$_printf_percent$$00000008)
    .ARM.Collect$$_printf_percent$$00000009  0x08000240   Section        6  _printf_d.o(.ARM.Collect$$_printf_percent$$00000009)
    .ARM.Collect$$_printf_percent$$0000000A  0x08000246   Section        6  _printf_u.o(.ARM.Collect$$_printf_percent$$0000000A)
    .ARM.Collect$$_printf_percent$$0000000B  0x0800024c   Section        6  _printf_o.o(.ARM.Collect$$_printf_percent$$0000000B)
    .ARM.Collect$$_printf_percent$$0000000C  0x08000252   Section        6  _printf_x.o(.ARM.Collect$$_printf_percent$$0000000C)
    .ARM.Collect$$_printf_percent$$0000000D  0x08000258   Section        6  _printf_lli.o(.ARM.Collect$$_printf_percent$$0000000D)
    .ARM.Collect$$_printf_percent$$0000000E  0x0800025e   Section        6  _printf_lld.o(.ARM.Collect$$_printf_percent$$0000000E)
    .ARM.Collect$$_printf_percent$$0000000F  0x08000264   Section        6  _printf_llu.o(.ARM.Collect$$_printf_percent$$0000000F)
    .ARM.Collect$$_printf_percent$$00000010  0x0800026a   Section        6  _printf_llo.o(.ARM.Collect$$_printf_percent$$00000010)
    .ARM.Collect$$_printf_percent$$00000011  0x08000270   Section        6  _printf_llx.o(.ARM.Collect$$_printf_percent$$00000011)
    .ARM.Collect$$_printf_percent$$00000012  0x08000276   Section       10  _printf_l.o(.ARM.Collect$$_printf_percent$$00000012)
    .ARM.Collect$$_printf_percent$$00000013  0x08000280   Section        6  _printf_c.o(.ARM.Collect$$_printf_percent$$00000013)
    .ARM.Collect$$_printf_percent$$00000014  0x08000286   Section        6  _printf_s.o(.ARM.Collect$$_printf_percent$$00000014)
    .ARM.Collect$$_printf_percent$$00000015  0x0800028c   Section        6  _printf_lc.o(.ARM.Collect$$_printf_percent$$00000015)
    .ARM.Collect$$_printf_percent$$00000016  0x08000292   Section        6  _printf_ls.o(.ARM.Collect$$_printf_percent$$00000016)
    .ARM.Collect$$_printf_percent$$00000017  0x08000298   Section        4  _printf_percent_end.o(.ARM.Collect$$_printf_percent$$00000017)
    .ARM.Collect$$libinit$$00000000          0x0800029c   Section        2  libinit.o(.ARM.Collect$$libinit$$00000000)
    .ARM.Collect$$libinit$$00000001          0x0800029e   Section        4  libinit2.o(.ARM.Collect$$libinit$$00000001)
    .ARM.Collect$$libinit$$00000004          0x080002a2   Section        0  libinit2.o(.ARM.Collect$$libinit$$00000004)
    .ARM.Collect$$libinit$$00000006          0x080002a2   Section        0  libinit2.o(.ARM.Collect$$libinit$$00000006)
    .ARM.Collect$$libinit$$0000000C          0x080002a2   Section        0  libinit2.o(.ARM.Collect$$libinit$$0000000C)
    .ARM.Collect$$libinit$$0000000E          0x080002a2   Section        0  libinit2.o(.ARM.Collect$$libinit$$0000000E)
    .ARM.Collect$$libinit$$00000010          0x080002a2   Section        0  libinit2.o(.ARM.Collect$$libinit$$00000010)
    .ARM.Collect$$libinit$$00000011          0x080002a2   Section        6  libinit2.o(.ARM.Collect$$libinit$$00000011)
    .ARM.Collect$$libinit$$00000013          0x080002a8   Section        0  libinit2.o(.ARM.Collect$$libinit$$00000013)
    .ARM.Collect$$libinit$$00000014          0x080002a8   Section       12  libinit2.o(.ARM.Collect$$libinit$$00000014)
    .ARM.Collect$$libinit$$00000015          0x080002b4   Section        0  libinit2.o(.ARM.Collect$$libinit$$00000015)
    .ARM.Collect$$libinit$$00000017          0x080002b4   Section        0  libinit2.o(.ARM.Collect$$libinit$$00000017)
    .ARM.Collect$$libinit$$00000018          0x080002b4   Section       10  libinit2.o(.ARM.Collect$$libinit$$00000018)
    .ARM.Collect$$libinit$$00000019          0x080002be   Section        0  libinit2.o(.ARM.Collect$$libinit$$00000019)
    .ARM.Collect$$libinit$$0000001B          0x080002be   Section        0  libinit2.o(.ARM.Collect$$libinit$$0000001B)
    .ARM.Collect$$libinit$$0000001D          0x080002be   Section        0  libinit2.o(.ARM.Collect$$libinit$$0000001D)
    .ARM.Collect$$libinit$$0000001F          0x080002be   Section        0  libinit2.o(.ARM.Collect$$libinit$$0000001F)
    .ARM.Collect$$libinit$$00000021          0x080002be   Section        0  libinit2.o(.ARM.Collect$$libinit$$00000021)
    .ARM.Collect$$libinit$$00000023          0x080002be   Section        0  libinit2.o(.ARM.Collect$$libinit$$00000023)
    .ARM.Collect$$libinit$$00000025          0x080002be   Section        0  libinit2.o(.ARM.Collect$$libinit$$00000025)
    .ARM.Collect$$libinit$$00000027          0x080002be   Section        0  libinit2.o(.ARM.Collect$$libinit$$00000027)
    .ARM.Collect$$libinit$$0000002E          0x080002be   Section        0  libinit2.o(.ARM.Collect$$libinit$$0000002E)
    .ARM.Collect$$libinit$$00000030          0x080002be   Section        0  libinit2.o(.ARM.Collect$$libinit$$00000030)
    .ARM.Collect$$libinit$$00000032          0x080002be   Section        0  libinit2.o(.ARM.Collect$$libinit$$00000032)
    .ARM.Collect$$libinit$$00000034          0x080002be   Section        0  libinit2.o(.ARM.Collect$$libinit$$00000034)
    .ARM.Collect$$libinit$$00000035          0x080002be   Section        2  libinit2.o(.ARM.Collect$$libinit$$00000035)
    .ARM.Collect$$libshutdown$$00000000      0x080002c0   Section        2  libshutdown.o(.ARM.Collect$$libshutdown$$00000000)
    .ARM.Collect$$libshutdown$$00000002      0x080002c2   Section        0  libshutdown2.o(.ARM.Collect$$libshutdown$$00000002)
    .ARM.Collect$$libshutdown$$00000004      0x080002c2   Section        0  libshutdown2.o(.ARM.Collect$$libshutdown$$00000004)
    .ARM.Collect$$libshutdown$$00000007      0x080002c2   Section        0  libshutdown2.o(.ARM.Collect$$libshutdown$$00000007)
    .ARM.Collect$$libshutdown$$0000000A      0x080002c2   Section        0  libshutdown2.o(.ARM.Collect$$libshutdown$$0000000A)
    .ARM.Collect$$libshutdown$$0000000C      0x080002c2   Section        0  libshutdown2.o(.ARM.Collect$$libshutdown$$0000000C)
    .ARM.Collect$$libshutdown$$0000000F      0x080002c2   Section        0  libshutdown2.o(.ARM.Collect$$libshutdown$$0000000F)
    .ARM.Collect$$libshutdown$$00000010      0x080002c2   Section        2  libshutdown2.o(.ARM.Collect$$libshutdown$$00000010)
    .ARM.Collect$$rtentry$$00000000          0x080002c4   Section        0  __rtentry.o(.ARM.Collect$$rtentry$$00000000)
    .ARM.Collect$$rtentry$$00000002          0x080002c4   Section        0  __rtentry2.o(.ARM.Collect$$rtentry$$00000002)
    .ARM.Collect$$rtentry$$00000004          0x080002c4   Section        6  __rtentry4.o(.ARM.Collect$$rtentry$$00000004)
    .ARM.Collect$$rtentry$$00000009          0x080002ca   Section        0  __rtentry2.o(.ARM.Collect$$rtentry$$00000009)
    .ARM.Collect$$rtentry$$0000000A          0x080002ca   Section        4  __rtentry2.o(.ARM.Collect$$rtentry$$0000000A)
    .ARM.Collect$$rtentry$$0000000C          0x080002ce   Section        0  __rtentry2.o(.ARM.Collect$$rtentry$$0000000C)
    .ARM.Collect$$rtentry$$0000000D          0x080002ce   Section        8  __rtentry2.o(.ARM.Collect$$rtentry$$0000000D)
    .ARM.Collect$$rtexit$$00000000           0x080002d6   Section        2  rtexit.o(.ARM.Collect$$rtexit$$00000000)
    .ARM.Collect$$rtexit$$00000002           0x080002d8   Section        0  rtexit2.o(.ARM.Collect$$rtexit$$00000002)
    .ARM.Collect$$rtexit$$00000003           0x080002d8   Section        4  rtexit2.o(.ARM.Collect$$rtexit$$00000003)
    .ARM.Collect$$rtexit$$00000004           0x080002dc   Section        6  rtexit2.o(.ARM.Collect$$rtexit$$00000004)
    $v0                                      0x080002e4   Number         0  startup_stm32l476xx.o(.text)
    .text                                    0x080002e4   Section      132  startup_stm32l476xx.o(.text)
    .text                                    0x08000368   Section        0  printf.o(.text)
    .text                                    0x08000380   Section        0  heapauxi.o(.text)
    .text                                    0x08000386   Section        0  _printf_pad.o(.text)
    .text                                    0x080003d4   Section        0  _printf_truncate.o(.text)
    .text                                    0x080003f8   Section        0  _printf_str.o(.text)
    .text                                    0x0800044c   Section        0  _printf_dec.o(.text)
    .text                                    0x080004c4   Section        0  _printf_charcount.o(.text)
    _printf_input_char                       0x080004ed   Thumb Code    10  _printf_char_common.o(.text)
    .text                                    0x080004ec   Section        0  _printf_char_common.o(.text)
    .text                                    0x0800051c   Section        0  _printf_char_file.o(.text)
    .text                                    0x08000540   Section        0  _printf_wctomb.o(.text)
    .text                                    0x08000604   Section        0  _printf_longlong_dec.o(.text)
    _printf_longlong_oct_internal            0x08000681   Thumb Code     0  _printf_oct_int_ll.o(.text)
    .text                                    0x08000680   Section        0  _printf_oct_int_ll.o(.text)
    _printf_hex_common                       0x080006f1   Thumb Code     0  _printf_hex_int_ll_ptr.o(.text)
    .text                                    0x080006f0   Section        0  _printf_hex_int_ll_ptr.o(.text)
    .text                                    0x08000784   Section        0  __printf_flags_ss_wp.o(.text)
    .text                                    0x08000912   Section      138  lludiv10.o(.text)
    .text                                    0x0800099c   Section        0  _printf_intcommon.o(.text)
    _fp_digits                               0x08000a4f   Thumb Code   432  _printf_fp_dec.o(.text)
    .text                                    0x08000a4e   Section        0  _printf_fp_dec.o(.text)
    .text                                    0x08000e70   Section        0  _printf_fp_hex.o(.text)
    .text                                    0x08001172   Section        0  _printf_char.o(.text)
    .text                                    0x0800119e   Section        0  _printf_wchar.o(.text)
    .text                                    0x080011ca   Section        0  ferror.o(.text)
    .text                                    0x080011d2   Section        0  _c16rtomb.o(.text)
    .text                                    0x0800121c   Section        8  libspace.o(.text)
    .text                                    0x08001224   Section       74  sys_stackheap_outer.o(.text)
    .text                                    0x08001270   Section       16  rt_ctype_table.o(.text)
    .text                                    0x08001280   Section        8  rt_locale_intlibspace.o(.text)
    .text                                    0x08001288   Section        0  _printf_fp_infnan.o(.text)
    .text                                    0x08001308   Section        0  bigflt0.o(.text)
    .text                                    0x080013ec   Section        0  exit.o(.text)
    .text                                    0x08001400   Section      124  strcmpv7em.o(.text)
    .text                                    0x0800147c   Section        0  sys_exit.o(.text)
    .text                                    0x08001488   Section        2  use_no_semi.o(.text)
    .text                                    0x0800148a   Section        0  indicate_semi.o(.text)
    [Anonymous Symbol]                       0x0800148c   Section        0  button.o(.text.Button_Init)
    [Anonymous Symbol]                       0x080014d8   Section        0  main.o(.text.Display_Inches)
    [Anonymous Symbol]                       0x08001568   Section        0  i2c.o(.text.I2C1_ER_IRQHandler)
    [Anonymous Symbol]                       0x0800156c   Section        0  i2c.o(.text.I2C1_EV_IRQHandler)
    [Anonymous Symbol]                       0x08001570   Section        0  i2c.o(.text.I2C_GPIO_init)
    [Anonymous Symbol]                       0x080015ec   Section        0  i2c.o(.text.I2C_Initialization)
    [Anonymous Symbol]                       0x080017a8   Section        0  dac.o(.text.InitDAC)
    [Anonymous Symbol]                       0x0800180c   Section        0  led.o(.text.LED_Init)
    [Anonymous Symbol]                       0x08001864   Section        0  led.o(.text.LED_Off)
    [Anonymous Symbol]                       0x08001874   Section        0  led.o(.text.LED_On)
    [Anonymous Symbol]                       0x08001884   Section        0  systimer.o(.text.SysTick_Handler)
    [Anonymous Symbol]                       0x08001894   Section        0  systimer.o(.text.SysTick_Init)
    [Anonymous Symbol]                       0x080018f4   Section        0  sysclock.o(.text.System_Clock_Init)
    [Anonymous Symbol]                       0x08001ac8   Section        0  main.o(.text.TIM3_CH2_Init)
    [Anonymous Symbol]                       0x08001bcc   Section        0  main.o(.text.TIM4_CH1_Init)
    [Anonymous Symbol]                       0x08001ce8   Section        0  main.o(.text.TIM4_IRQHandler)
    [Anonymous Symbol]                       0x08001d74   Section        0  dac.o(.text.TIM6_DAC_IRQHandler)
    [Anonymous Symbol]                       0x08001df0   Section        0  dac.o(.text.TIM6_Init)
    [Anonymous Symbol]                       0x08001e70   Section        0  uart.o(.text.UART2_GPIO_Init)
    [Anonymous Symbol]                       0x08001ed8   Section        0  uart.o(.text.UART2_Init)
    [Anonymous Symbol]                       0x08001f14   Section        0  uart.o(.text.USART_Delay)
    [Anonymous Symbol]                       0x08001f48   Section        0  uart.o(.text.USART_Init)
    [Anonymous Symbol]                       0x08002038   Section        0  uart.o(.text.USART_Write)
    __NVIC_EnableIRQ                         0x0800209d   Thumb Code    48  main.o(.text.__NVIC_EnableIRQ)
    [Anonymous Symbol]                       0x0800209c   Section        0  main.o(.text.__NVIC_EnableIRQ)
    __NVIC_EnableIRQ                         0x080020cd   Thumb Code    48  systimer.o(.text.__NVIC_EnableIRQ)
    [Anonymous Symbol]                       0x080020cc   Section        0  systimer.o(.text.__NVIC_EnableIRQ)
    __NVIC_EnableIRQ                         0x080020fd   Thumb Code    48  dac.o(.text.__NVIC_EnableIRQ)
    [Anonymous Symbol]                       0x080020fc   Section        0  dac.o(.text.__NVIC_EnableIRQ)
    __NVIC_SetPriority                       0x0800212d   Thumb Code    66  main.o(.text.__NVIC_SetPriority)
    [Anonymous Symbol]                       0x0800212c   Section        0  main.o(.text.__NVIC_SetPriority)
    __NVIC_SetPriority                       0x08002171   Thumb Code    66  systimer.o(.text.__NVIC_SetPriority)
    [Anonymous Symbol]                       0x08002170   Section        0  systimer.o(.text.__NVIC_SetPriority)
    __NVIC_SetPriority                       0x080021b5   Thumb Code    66  dac.o(.text.__NVIC_SetPriority)
    [Anonymous Symbol]                       0x080021b4   Section        0  dac.o(.text.__NVIC_SetPriority)
    [Anonymous Symbol]                       0x080021f8   Section        0  systimer.o(.text.delay)
    [Anonymous Symbol]                       0x08002224   Section        0  uart_printf.o(.text.fputc)
    [Anonymous Symbol]                       0x0800224c   Section        0  main.o(.text.main)
    [Anonymous Symbol]                       0x080022a4   Section        0  dac.o(.text.playNote)
    CL$$btod_d2e                             0x080022f6   Section       62  btod.o(CL$$btod_d2e)
    CL$$btod_d2e_denorm_low                  0x08002334   Section       70  btod.o(CL$$btod_d2e_denorm_low)
    CL$$btod_d2e_norm_op1                    0x0800237a   Section       96  btod.o(CL$$btod_d2e_norm_op1)
    CL$$btod_div_common                      0x080023dc   Section      824  btod.o(CL$$btod_div_common)
    CL$$btod_e2e                             0x08002714   Section      220  btod.o(CL$$btod_e2e)
    CL$$btod_ediv                            0x080027f0   Section       42  btod.o(CL$$btod_ediv)
    CL$$btod_emul                            0x0800281a   Section       42  btod.o(CL$$btod_emul)
    CL$$btod_mult_common                     0x08002844   Section      580  btod.o(CL$$btod_mult_common)
    i.__ARM_fpclassify                       0x08002a88   Section        0  fpclassify.o(i.__ARM_fpclassify)
    i._is_digit                              0x08002ab8   Section        0  __printf_wp.o(i._is_digit)
    locale$$code                             0x08002ac8   Section       44  lc_numeric_c.o(locale$$code)
    locale$$code                             0x08002af4   Section       44  lc_ctype_c.o(locale$$code)
    $v0                                      0x08002b20   Number         0  d2f.o(x$fpl$d2f)
    x$fpl$d2f                                0x08002b20   Section       98  d2f.o(x$fpl$d2f)
    $v0                                      0x08002b84   Number         0  ddiv.o(x$fpl$ddiv)
    x$fpl$ddiv                               0x08002b84   Section      696  ddiv.o(x$fpl$ddiv)
    ddiv_entry                               0x08002b8b   Thumb Code     0  ddiv.o(x$fpl$ddiv)
    $v0                                      0x08002e3c   Number         0  dflt_clz.o(x$fpl$dflt)
    x$fpl$dflt                               0x08002e3c   Section       46  dflt_clz.o(x$fpl$dflt)
    $v0                                      0x08002e6a   Number         0  dnaninf.o(x$fpl$dnaninf)
    x$fpl$dnaninf                            0x08002e6a   Section      156  dnaninf.o(x$fpl$dnaninf)
    $v0                                      0x08002f06   Number         0  dretinf.o(x$fpl$dretinf)
    x$fpl$dretinf                            0x08002f06   Section       12  dretinf.o(x$fpl$dretinf)
    $v0                                      0x08002f14   Number         0  f2d.o(x$fpl$f2d)
    x$fpl$f2d                                0x08002f14   Section       86  f2d.o(x$fpl$f2d)
    $v0                                      0x08002f6a   Number         0  fnaninf.o(x$fpl$fnaninf)
    x$fpl$fnaninf                            0x08002f6a   Section      140  fnaninf.o(x$fpl$fnaninf)
    $v0                                      0x08002ff6   Number         0  fpinit.o(x$fpl$fpinit)
    x$fpl$fpinit                             0x08002ff6   Section       26  fpinit.o(x$fpl$fpinit)
    $v0                                      0x08003010   Number         0  fretinf.o(x$fpl$fretinf)
    x$fpl$fretinf                            0x08003010   Section       10  fretinf.o(x$fpl$fretinf)
    $v0                                      0x0800301a   Number         0  printf1.o(x$fpl$printf1)
    x$fpl$printf1                            0x0800301a   Section        4  printf1.o(x$fpl$printf1)
    $v0                                      0x0800301e   Number         0  printf2.o(x$fpl$printf2)
    x$fpl$printf2                            0x0800301e   Section        4  printf2.o(x$fpl$printf2)
    x$fpl$usenofp                            0x08003022   Section        0  usenofp.o(x$fpl$usenofp)
    initial_mbstate                          0x08003024   Data           8  _printf_wctomb.o(.constdata)
    .constdata                               0x08003024   Section        8  _printf_wctomb.o(.constdata)
    uc_hextab                                0x0800302c   Data          20  _printf_hex_int_ll_ptr.o(.constdata)
    .constdata                               0x0800302c   Section       40  _printf_hex_int_ll_ptr.o(.constdata)
    lc_hextab                                0x08003040   Data          20  _printf_hex_int_ll_ptr.o(.constdata)
    maptable                                 0x08003054   Data          17  __printf_flags_ss_wp.o(.constdata)
    .constdata                               0x08003054   Section       17  __printf_flags_ss_wp.o(.constdata)
    lc_hextab                                0x08003065   Data          19  _printf_fp_hex.o(.constdata)
    .constdata                               0x08003065   Section       38  _printf_fp_hex.o(.constdata)
    uc_hextab                                0x08003078   Data          19  _printf_fp_hex.o(.constdata)
    tenpwrs_x                                0x0800308c   Data          60  bigflt0.o(.constdata)
    .constdata                               0x0800308c   Section      148  bigflt0.o(.constdata)
    tenpwrs_i                                0x080030c8   Data          64  bigflt0.o(.constdata)
    .L.str                                   0x08003120   Data           5  main.o(.rodata.str1.1)
    .L.str.2                                 0x08003120   Data          17  main.o(.rodata.str1.1)
    [Anonymous Symbol]                       0x08003120   Section        0  main.o(.rodata.str1.1)
    .L.str.1                                 0x08003131   Data          15  main.o(.rodata.str1.1)
    locale$$data                             0x08003158   Section       28  lc_numeric_c.o(locale$$data)
    __lcnum_c_name                           0x0800315c   Data           2  lc_numeric_c.o(locale$$data)
    __lcnum_c_start                          0x08003164   Data           0  lc_numeric_c.o(locale$$data)
    __lcnum_c_point                          0x08003170   Data           0  lc_numeric_c.o(locale$$data)
    __lcnum_c_thousands                      0x08003172   Data           0  lc_numeric_c.o(locale$$data)
    __lcnum_c_grouping                       0x08003173   Data           0  lc_numeric_c.o(locale$$data)
    __lcnum_c_end                            0x08003174   Data           0  lc_numeric_c.o(locale$$data)
    locale$$data                             0x08003174   Section      272  lc_ctype_c.o(locale$$data)
    __lcctype_c_name                         0x08003178   Data           2  lc_ctype_c.o(locale$$data)
    __lcctype_c_start                        0x08003180   Data           0  lc_ctype_c.o(locale$$data)
    __lcctype_c_end                          0x08003284   Data           0  lc_ctype_c.o(locale$$data)
    .bss                                     0x20000000   Section       96  libspace.o(.bss)
    Heap_Mem                                 0x20000148   Data         512  startup_stm32l476xx.o(HEAP)
    HEAP                                     0x20000148   Section      512  startup_stm32l476xx.o(HEAP)
    Stack_Mem                                0x20000348   Data        1024  startup_stm32l476xx.o(STACK)
    STACK                                    0x20000348   Section     1024  startup_stm32l476xx.o(STACK)
    __initial_sp                             0x20000748   Data           0  startup_stm32l476xx.o(STACK)

    Global Symbols

    Symbol Name                              Value     Ov Type        Size  Object(Section)

    BuildAttributes$$THM_ISAv4$E$P$D$K$B$S$7EM$VFPi3$EXTD16$VFPS$VFMA$PE$A:L22UL41UL21$X:L11$S22US41US21$IEEE1$IW$~IW$USESV6$~STKCKD$USESV7$~SHL$OTIME$ROPI$IEEEX$EBA8$UX$STANDARDLIB$REQ8$PRES8$EABIv2 0x00000000   Number         0  anon$$obj.o ABSOLUTE
    Image$$ER_IROM1$$RW$$Length              0x00000000   Number         0  anon$$obj.o ABSOLUTE
    Image$$ER_IROM1$$ZI$$Length              0x00000000   Number         0  anon$$obj.o ABSOLUTE
    Image$$RW_IRAM1$$Length                  0x00000000   Number         0  anon$$obj.o ABSOLUTE
    Image$$RW_IRAM1$$RO$$Length              0x00000000   Number         0  anon$$obj.o ABSOLUTE
    Image$$RW_IRAM1$$RW$$Length              0x00000000   Number         0  anon$$obj.o ABSOLUTE
    _printf_flags                            0x00000000   Number         0  printf_stubs.o ABSOLUTE
    _printf_return_value                     0x00000000   Number         0  printf_stubs.o ABSOLUTE
    _printf_sizespec                         0x00000000   Number         0  printf_stubs.o ABSOLUTE
    _printf_widthprec                        0x00000000   Number         0  printf_stubs.o ABSOLUTE
    __ARM_exceptions_init                     - Undefined Weak Reference
    __alloca_initialize                       - Undefined Weak Reference
    __arm_preinit_                            - Undefined Weak Reference
    __arm_relocate_pie_                       - Undefined Weak Reference
    __cpp_initialize__aeabi_                  - Undefined Weak Reference
    __cxa_finalize                            - Undefined Weak Reference
    __sigvec_lookup                           - Undefined Weak Reference
    _atexit_init                              - Undefined Weak Reference
    _call_atexit_fns                          - Undefined Weak Reference
    _clock_init                               - Undefined Weak Reference
    _fp_trap_init                             - Undefined Weak Reference
    _fp_trap_shutdown                         - Undefined Weak Reference
    _get_lc_collate                           - Undefined Weak Reference
    _get_lc_monetary                          - Undefined Weak Reference
    _get_lc_time                              - Undefined Weak Reference
    _getenv_init                              - Undefined Weak Reference
    _handle_redirection                       - Undefined Weak Reference
    _init_alloc                               - Undefined Weak Reference
    _init_user_alloc                          - Undefined Weak Reference
    _initio                                   - Undefined Weak Reference
    _mutex_acquire                            - Undefined Weak Reference
    _mutex_release                            - Undefined Weak Reference
    _printf_mbtowc                            - Undefined Weak Reference
    _printf_wc                                - Undefined Weak Reference
    _rand_init                                - Undefined Weak Reference
    _signal_finish                            - Undefined Weak Reference
    _signal_init                              - Undefined Weak Reference
    _terminate_alloc                          - Undefined Weak Reference
    _terminate_user_alloc                     - Undefined Weak Reference
    _terminateio                              - Undefined Weak Reference
    __Vectors_Size                           0x00000188   Number         0  startup_stm32l476xx.o ABSOLUTE
    Image$$RW_IRAM1$$ZI$$Length              0x00000748   Number         0  anon$$obj.o ABSOLUTE
    Image$$ER_IROM1$$RO$$Length              0x00003284   Number         0  anon$$obj.o ABSOLUTE
    Image$$ER_IROM1$$RO$$Base                0x08000000   Number         0  anon$$obj.o ABSOLUTE
    Load$$ER_IROM1$$Base                     0x08000000   Number         0  anon$$obj.o ABSOLUTE
    __Vectors                                0x08000000   Data           4  startup_stm32l476xx.o(RESET)
    __Vectors_End                            0x08000188   Data           0  startup_stm32l476xx.o(RESET)
    __main                                   0x08000189   Thumb Code     8  __main.o(!!!main)
    __scatterload                            0x08000191   Thumb Code     0  __scatter.o(!!!scatter)
    __scatterload_rt2                        0x08000191   Thumb Code    84  __scatter.o(!!!scatter)
    __scatterload_rt2_thumb_only             0x08000191   Thumb Code     0  __scatter.o(!!!scatter)
    __scatterload_loop                       0x0800019b   Thumb Code     0  __scatter.o(!!!scatter)
    __scatterload_null                       0x080001ed   Thumb Code     2  __scatter.o(!!handler_null)
    __scatterload_zeroinit                   0x080001f1   Thumb Code    28  __scatter_zi.o(!!handler_zi)
    _printf_n                                0x0800020d   Thumb Code     0  _printf_n.o(.ARM.Collect$$_printf_percent$$00000001)
    _printf_percent                          0x0800020d   Thumb Code     0  _printf_percent.o(.ARM.Collect$$_printf_percent$$00000000)
    _printf_p                                0x08000213   Thumb Code     0  _printf_p.o(.ARM.Collect$$_printf_percent$$00000002)
    _printf_f                                0x08000219   Thumb Code     0  _printf_f.o(.ARM.Collect$$_printf_percent$$00000003)
    _printf_e                                0x0800021f   Thumb Code     0  _printf_e.o(.ARM.Collect$$_printf_percent$$00000004)
    _printf_g                                0x08000225   Thumb Code     0  _printf_g.o(.ARM.Collect$$_printf_percent$$00000005)
    _printf_a                                0x0800022b   Thumb Code     0  _printf_a.o(.ARM.Collect$$_printf_percent$$00000006)
    _printf_ll                               0x08000231   Thumb Code     0  _printf_ll.o(.ARM.Collect$$_printf_percent$$00000007)
    _printf_i                                0x0800023b   Thumb Code     0  _printf_i.o(.ARM.Collect$$_printf_percent$$00000008)
    _printf_d                                0x08000241   Thumb Code     0  _printf_d.o(.ARM.Collect$$_printf_percent$$00000009)
    _printf_u                                0x08000247   Thumb Code     0  _printf_u.o(.ARM.Collect$$_printf_percent$$0000000A)
    _printf_o                                0x0800024d   Thumb Code     0  _printf_o.o(.ARM.Collect$$_printf_percent$$0000000B)
    _printf_x                                0x08000253   Thumb Code     0  _printf_x.o(.ARM.Collect$$_printf_percent$$0000000C)
    _printf_lli                              0x08000259   Thumb Code     0  _printf_lli.o(.ARM.Collect$$_printf_percent$$0000000D)
    _printf_lld                              0x0800025f   Thumb Code     0  _printf_lld.o(.ARM.Collect$$_printf_percent$$0000000E)
    _printf_llu                              0x08000265   Thumb Code     0  _printf_llu.o(.ARM.Collect$$_printf_percent$$0000000F)
    _printf_llo                              0x0800026b   Thumb Code     0  _printf_llo.o(.ARM.Collect$$_printf_percent$$00000010)
    _printf_llx                              0x08000271   Thumb Code     0  _printf_llx.o(.ARM.Collect$$_printf_percent$$00000011)
    _printf_l                                0x08000277   Thumb Code     0  _printf_l.o(.ARM.Collect$$_printf_percent$$00000012)
    _printf_c                                0x08000281   Thumb Code     0  _printf_c.o(.ARM.Collect$$_printf_percent$$00000013)
    _printf_s                                0x08000287   Thumb Code     0  _printf_s.o(.ARM.Collect$$_printf_percent$$00000014)
    _printf_lc                               0x0800028d   Thumb Code     0  _printf_lc.o(.ARM.Collect$$_printf_percent$$00000015)
    _printf_ls                               0x08000293   Thumb Code     0  _printf_ls.o(.ARM.Collect$$_printf_percent$$00000016)
    _printf_percent_end                      0x08000299   Thumb Code     0  _printf_percent_end.o(.ARM.Collect$$_printf_percent$$00000017)
    __rt_lib_init                            0x0800029d   Thumb Code     0  libinit.o(.ARM.Collect$$libinit$$00000000)
    __rt_lib_init_fp_1                       0x0800029f   Thumb Code     0  libinit2.o(.ARM.Collect$$libinit$$00000001)
    __rt_lib_init_heap_1                     0x080002a3   Thumb Code     0  libinit2.o(.ARM.Collect$$libinit$$0000000C)
    __rt_lib_init_lc_common                  0x080002a3   Thumb Code     0  libinit2.o(.ARM.Collect$$libinit$$00000011)
    __rt_lib_init_preinit_1                  0x080002a3   Thumb Code     0  libinit2.o(.ARM.Collect$$libinit$$00000006)
    __rt_lib_init_rand_1                     0x080002a3   Thumb Code     0  libinit2.o(.ARM.Collect$$libinit$$00000010)
    __rt_lib_init_relocate_pie_1             0x080002a3   Thumb Code     0  libinit2.o(.ARM.Collect$$libinit$$00000004)
    __rt_lib_init_user_alloc_1               0x080002a3   Thumb Code     0  libinit2.o(.ARM.Collect$$libinit$$0000000E)
    __rt_lib_init_lc_collate_1               0x080002a9   Thumb Code     0  libinit2.o(.ARM.Collect$$libinit$$00000013)
    __rt_lib_init_lc_ctype_2                 0x080002a9   Thumb Code     0  libinit2.o(.ARM.Collect$$libinit$$00000014)
    __rt_lib_init_lc_ctype_1                 0x080002b5   Thumb Code     0  libinit2.o(.ARM.Collect$$libinit$$00000015)
    __rt_lib_init_lc_monetary_1              0x080002b5   Thumb Code     0  libinit2.o(.ARM.Collect$$libinit$$00000017)
    __rt_lib_init_lc_numeric_2               0x080002b5   Thumb Code     0  libinit2.o(.ARM.Collect$$libinit$$00000018)
    __rt_lib_init_alloca_1                   0x080002bf   Thumb Code     0  libinit2.o(.ARM.Collect$$libinit$$00000030)
    __rt_lib_init_argv_1                     0x080002bf   Thumb Code     0  libinit2.o(.ARM.Collect$$libinit$$0000002E)
    __rt_lib_init_atexit_1                   0x080002bf   Thumb Code     0  libinit2.o(.ARM.Collect$$libinit$$0000001D)
    __rt_lib_init_clock_1                    0x080002bf   Thumb Code     0  libinit2.o(.ARM.Collect$$libinit$$00000023)
    __rt_lib_init_cpp_1                      0x080002bf   Thumb Code     0  libinit2.o(.ARM.Collect$$libinit$$00000034)
    __rt_lib_init_exceptions_1               0x080002bf   Thumb Code     0  libinit2.o(.ARM.Collect$$libinit$$00000032)
    __rt_lib_init_fp_trap_1                  0x080002bf   Thumb Code     0  libinit2.o(.ARM.Collect$$libinit$$00000021)
    __rt_lib_init_getenv_1                   0x080002bf   Thumb Code     0  libinit2.o(.ARM.Collect$$libinit$$00000025)
    __rt_lib_init_lc_numeric_1               0x080002bf   Thumb Code     0  libinit2.o(.ARM.Collect$$libinit$$00000019)
    __rt_lib_init_lc_time_1                  0x080002bf   Thumb Code     0  libinit2.o(.ARM.Collect$$libinit$$0000001B)
    __rt_lib_init_return                     0x080002bf   Thumb Code     0  libinit2.o(.ARM.Collect$$libinit$$00000035)
    __rt_lib_init_signal_1                   0x080002bf   Thumb Code     0  libinit2.o(.ARM.Collect$$libinit$$0000001F)
    __rt_lib_init_stdio_1                    0x080002bf   Thumb Code     0  libinit2.o(.ARM.Collect$$libinit$$00000027)
    __rt_lib_shutdown                        0x080002c1   Thumb Code     0  libshutdown.o(.ARM.Collect$$libshutdown$$00000000)
    __rt_lib_shutdown_cpp_1                  0x080002c3   Thumb Code     0  libshutdown2.o(.ARM.Collect$$libshutdown$$00000002)
    __rt_lib_shutdown_fp_trap_1              0x080002c3   Thumb Code     0  libshutdown2.o(.ARM.Collect$$libshutdown$$00000007)
    __rt_lib_shutdown_heap_1                 0x080002c3   Thumb Code     0  libshutdown2.o(.ARM.Collect$$libshutdown$$0000000F)
    __rt_lib_shutdown_return                 0x080002c3   Thumb Code     0  libshutdown2.o(.ARM.Collect$$libshutdown$$00000010)
    __rt_lib_shutdown_signal_1               0x080002c3   Thumb Code     0  libshutdown2.o(.ARM.Collect$$libshutdown$$0000000A)
    __rt_lib_shutdown_stdio_1                0x080002c3   Thumb Code     0  libshutdown2.o(.ARM.Collect$$libshutdown$$00000004)
    __rt_lib_shutdown_user_alloc_1           0x080002c3   Thumb Code     0  libshutdown2.o(.ARM.Collect$$libshutdown$$0000000C)
    __rt_entry                               0x080002c5   Thumb Code     0  __rtentry.o(.ARM.Collect$$rtentry$$00000000)
    __rt_entry_presh_1                       0x080002c5   Thumb Code     0  __rtentry2.o(.ARM.Collect$$rtentry$$00000002)
    __rt_entry_sh                            0x080002c5   Thumb Code     0  __rtentry4.o(.ARM.Collect$$rtentry$$00000004)
    __rt_entry_li                            0x080002cb   Thumb Code     0  __rtentry2.o(.ARM.Collect$$rtentry$$0000000A)
    __rt_entry_postsh_1                      0x080002cb   Thumb Code     0  __rtentry2.o(.ARM.Collect$$rtentry$$00000009)
    __rt_entry_main                          0x080002cf   Thumb Code     0  __rtentry2.o(.ARM.Collect$$rtentry$$0000000D)
    __rt_entry_postli_1                      0x080002cf   Thumb Code     0  __rtentry2.o(.ARM.Collect$$rtentry$$0000000C)
    __rt_exit                                0x080002d7   Thumb Code     0  rtexit.o(.ARM.Collect$$rtexit$$00000000)
    __rt_exit_ls                             0x080002d9   Thumb Code     0  rtexit2.o(.ARM.Collect$$rtexit$$00000003)
    __rt_exit_prels_1                        0x080002d9   Thumb Code     0  rtexit2.o(.ARM.Collect$$rtexit$$00000002)
    __rt_exit_exit                           0x080002dd   Thumb Code     0  rtexit2.o(.ARM.Collect$$rtexit$$00000004)
    Reset_Handler                            0x080002e5   Thumb Code    60  startup_stm32l476xx.o(.text)
    NMI_Handler                              0x08000321   Thumb Code     2  startup_stm32l476xx.o(.text)
    HardFault_Handler                        0x08000323   Thumb Code     2  startup_stm32l476xx.o(.text)
    MemManage_Handler                        0x08000325   Thumb Code     2  startup_stm32l476xx.o(.text)
    BusFault_Handler                         0x08000327   Thumb Code     2  startup_stm32l476xx.o(.text)
    UsageFault_Handler                       0x08000329   Thumb Code     2  startup_stm32l476xx.o(.text)
    SVC_Handler                              0x0800032b   Thumb Code     2  startup_stm32l476xx.o(.text)
    DebugMon_Handler                         0x0800032d   Thumb Code     2  startup_stm32l476xx.o(.text)
    PendSV_Handler                           0x0800032f   Thumb Code     2  startup_stm32l476xx.o(.text)
    ADC1_2_IRQHandler                        0x08000333   Thumb Code     0  startup_stm32l476xx.o(.text)
    ADC3_IRQHandler                          0x08000333   Thumb Code     0  startup_stm32l476xx.o(.text)
    CAN1_RX0_IRQHandler                      0x08000333   Thumb Code     0  startup_stm32l476xx.o(.text)
    CAN1_RX1_IRQHandler                      0x08000333   Thumb Code     0  startup_stm32l476xx.o(.text)
    CAN1_SCE_IRQHandler                      0x08000333   Thumb Code     0  startup_stm32l476xx.o(.text)
    CAN1_TX_IRQHandler                       0x08000333   Thumb Code     0  startup_stm32l476xx.o(.text)
    COMP_IRQHandler                          0x08000333   Thumb Code     0  startup_stm32l476xx.o(.text)
    DFSDM0_IRQHandler                        0x08000333   Thumb Code     0  startup_stm32l476xx.o(.text)
    DFSDM1_IRQHandler                        0x08000333   Thumb Code     0  startup_stm32l476xx.o(.text)
    DFSDM2_IRQHandler                        0x08000333   Thumb Code     0  startup_stm32l476xx.o(.text)
    DFSDM3_IRQHandler                        0x08000333   Thumb Code     0  startup_stm32l476xx.o(.text)
    DMA1_Channel1_IRQHandler                 0x08000333   Thumb Code     0  startup_stm32l476xx.o(.text)
    DMA1_Channel2_IRQHandler                 0x08000333   Thumb Code     0  startup_stm32l476xx.o(.text)
    DMA1_Channel3_IRQHandler                 0x08000333   Thumb Code     0  startup_stm32l476xx.o(.text)
    DMA1_Channel4_IRQHandler                 0x08000333   Thumb Code     0  startup_stm32l476xx.o(.text)
    DMA1_Channel5_IRQHandler                 0x08000333   Thumb Code     0  startup_stm32l476xx.o(.text)
    DMA1_Channel6_IRQHandler                 0x08000333   Thumb Code     0  startup_stm32l476xx.o(.text)
    DMA1_Channel7_IRQHandler                 0x08000333   Thumb Code     0  startup_stm32l476xx.o(.text)
    DMA2_Channel1_IRQHandler                 0x08000333   Thumb Code     0  startup_stm32l476xx.o(.text)
    DMA2_Channel2_IRQHandler                 0x08000333   Thumb Code     0  startup_stm32l476xx.o(.text)
    DMA2_Channel3_IRQHandler                 0x08000333   Thumb Code     0  startup_stm32l476xx.o(.text)
    DMA2_Channel4_IRQHandler                 0x08000333   Thumb Code     0  startup_stm32l476xx.o(.text)
    DMA2_Channel5_IRQHandler                 0x08000333   Thumb Code     0  startup_stm32l476xx.o(.text)
    DMA2_Channel6_IRQHandler                 0x08000333   Thumb Code     0  startup_stm32l476xx.o(.text)
    DMA2_Channel7_IRQHandler                 0x08000333   Thumb Code     0  startup_stm32l476xx.o(.text)
    EXTI0_IRQHandler                         0x08000333   Thumb Code     0  startup_stm32l476xx.o(.text)
    EXTI15_10_IRQHandler                     0x08000333   Thumb Code     0  startup_stm32l476xx.o(.text)
    EXTI1_IRQHandler                         0x08000333   Thumb Code     0  startup_stm32l476xx.o(.text)
    EXTI2_IRQHandler                         0x08000333   Thumb Code     0  startup_stm32l476xx.o(.text)
    EXTI3_IRQHandler                         0x08000333   Thumb Code     0  startup_stm32l476xx.o(.text)
    EXTI4_IRQHandler                         0x08000333   Thumb Code     0  startup_stm32l476xx.o(.text)
    EXTI9_5_IRQHandler                       0x08000333   Thumb Code     0  startup_stm32l476xx.o(.text)
    FLASH_IRQHandler                         0x08000333   Thumb Code     0  startup_stm32l476xx.o(.text)
    FMC_IRQHandler                           0x08000333   Thumb Code     0  startup_stm32l476xx.o(.text)
    FPU_IRQHandler                           0x08000333   Thumb Code     0  startup_stm32l476xx.o(.text)
    I2C2_ER_IRQHandler                       0x08000333   Thumb Code     0  startup_stm32l476xx.o(.text)
    I2C2_EV_IRQHandler                       0x08000333   Thumb Code     0  startup_stm32l476xx.o(.text)
    I2C3_ER_IRQHandler                       0x08000333   Thumb Code     0  startup_stm32l476xx.o(.text)
    I2C3_EV_IRQHandler                       0x08000333   Thumb Code     0  startup_stm32l476xx.o(.text)
    LCD_IRQHandler                           0x08000333   Thumb Code     0  startup_stm32l476xx.o(.text)
    LPTIM1_IRQHandler                        0x08000333   Thumb Code     0  startup_stm32l476xx.o(.text)
    LPTIM2_IRQHandler                        0x08000333   Thumb Code     0  startup_stm32l476xx.o(.text)
    LPUART1_IRQHandler                       0x08000333   Thumb Code     0  startup_stm32l476xx.o(.text)
    OTG_FS_IRQHandler                        0x08000333   Thumb Code     0  startup_stm32l476xx.o(.text)
    PVD_PVM_IRQHandler                       0x08000333   Thumb Code     0  startup_stm32l476xx.o(.text)
    QUADSPI_IRQHandler                       0x08000333   Thumb Code     0  startup_stm32l476xx.o(.text)
    RCC_IRQHandler                           0x08000333   Thumb Code     0  startup_stm32l476xx.o(.text)
    RNG_IRQHandler                           0x08000333   Thumb Code     0  startup_stm32l476xx.o(.text)
    RTC_Alarm_IRQHandler                     0x08000333   Thumb Code     0  startup_stm32l476xx.o(.text)
    RTC_WKUP_IRQHandler                      0x08000333   Thumb Code     0  startup_stm32l476xx.o(.text)
    SAI1_IRQHandler                          0x08000333   Thumb Code     0  startup_stm32l476xx.o(.text)
    SAI2_IRQHandler                          0x08000333   Thumb Code     0  startup_stm32l476xx.o(.text)
    SDMMC1_IRQHandler                        0x08000333   Thumb Code     0  startup_stm32l476xx.o(.text)
    SPI1_IRQHandler                          0x08000333   Thumb Code     0  startup_stm32l476xx.o(.text)
    SPI2_IRQHandler                          0x08000333   Thumb Code     0  startup_stm32l476xx.o(.text)
    SPI3_IRQHandler                          0x08000333   Thumb Code     0  startup_stm32l476xx.o(.text)
    SWPMI1_IRQHandler                        0x08000333   Thumb Code     0  startup_stm32l476xx.o(.text)
    TAMP_STAMP_IRQHandler                    0x08000333   Thumb Code     0  startup_stm32l476xx.o(.text)
    TIM1_BRK_TIM15_IRQHandler                0x08000333   Thumb Code     0  startup_stm32l476xx.o(.text)
    TIM1_CC_IRQHandler                       0x08000333   Thumb Code     0  startup_stm32l476xx.o(.text)
    TIM1_TRG_COM_TIM17_IRQHandler            0x08000333   Thumb Code     0  startup_stm32l476xx.o(.text)
    TIM1_UP_TIM16_IRQHandler                 0x08000333   Thumb Code     0  startup_stm32l476xx.o(.text)
    TIM2_IRQHandler                          0x08000333   Thumb Code     0  startup_stm32l476xx.o(.text)
    TIM3_IRQHandler                          0x08000333   Thumb Code     0  startup_stm32l476xx.o(.text)
    TIM5_IRQHandler                          0x08000333   Thumb Code     0  startup_stm32l476xx.o(.text)
    TIM7_IRQHandler                          0x08000333   Thumb Code     0  startup_stm32l476xx.o(.text)
    TIM8_BRK_IRQHandler                      0x08000333   Thumb Code     0  startup_stm32l476xx.o(.text)
    TIM8_CC_IRQHandler                       0x08000333   Thumb Code     0  startup_stm32l476xx.o(.text)
    TIM8_TRG_COM_IRQHandler                  0x08000333   Thumb Code     0  startup_stm32l476xx.o(.text)
    TIM8_UP_IRQHandler                       0x08000333   Thumb Code     0  startup_stm32l476xx.o(.text)
    TSC_IRQHandler                           0x08000333   Thumb Code     0  startup_stm32l476xx.o(.text)
    UART4_IRQHandler                         0x08000333   Thumb Code     0  startup_stm32l476xx.o(.text)
    UART5_IRQHandler                         0x08000333   Thumb Code     0  startup_stm32l476xx.o(.text)
    USART1_IRQHandler                        0x08000333   Thumb Code     0  startup_stm32l476xx.o(.text)
    USART2_IRQHandler                        0x08000333   Thumb Code     0  startup_stm32l476xx.o(.text)
    USART3_IRQHandler                        0x08000333   Thumb Code     0  startup_stm32l476xx.o(.text)
    WWDG_IRQHandler                          0x08000333   Thumb Code     0  startup_stm32l476xx.o(.text)
    __user_initial_stackheap                 0x08000335   Thumb Code     0  startup_stm32l476xx.o(.text)
    printf                                   0x08000369   Thumb Code    20  printf.o(.text)
    __use_two_region_memory                  0x08000381   Thumb Code     2  heapauxi.o(.text)
    __rt_heap_escrow$2region                 0x08000383   Thumb Code     2  heapauxi.o(.text)
    __rt_heap_expand$2region                 0x08000385   Thumb Code     2  heapauxi.o(.text)
    _printf_pre_padding                      0x08000387   Thumb Code    44  _printf_pad.o(.text)
    _printf_post_padding                     0x080003b3   Thumb Code    34  _printf_pad.o(.text)
    _printf_truncate_signed                  0x080003d5   Thumb Code    18  _printf_truncate.o(.text)
    _printf_truncate_unsigned                0x080003e7   Thumb Code    18  _printf_truncate.o(.text)
    _printf_str                              0x080003f9   Thumb Code    82  _printf_str.o(.text)
    _printf_int_dec                          0x0800044d   Thumb Code   104  _printf_dec.o(.text)
    _printf_charcount                        0x080004c5   Thumb Code    40  _printf_charcount.o(.text)
    _printf_char_common                      0x080004f7   Thumb Code    32  _printf_char_common.o(.text)
    _printf_char_file                        0x0800051d   Thumb Code    32  _printf_char_file.o(.text)
    _printf_wctomb                           0x08000541   Thumb Code   182  _printf_wctomb.o(.text)
    _printf_longlong_dec                     0x08000605   Thumb Code   108  _printf_longlong_dec.o(.text)
    _printf_longlong_oct                     0x08000681   Thumb Code    68  _printf_oct_int_ll.o(.text)
    _printf_int_oct                          0x080006c5   Thumb Code    24  _printf_oct_int_ll.o(.text)
    _printf_ll_oct                           0x080006dd   Thumb Code    12  _printf_oct_int_ll.o(.text)
    _printf_longlong_hex                     0x080006f1   Thumb Code    86  _printf_hex_int_ll_ptr.o(.text)
    _printf_int_hex                          0x08000747   Thumb Code    28  _printf_hex_int_ll_ptr.o(.text)
    _printf_ll_hex                           0x08000763   Thumb Code    12  _printf_hex_int_ll_ptr.o(.text)
    _printf_hex_ptr                          0x0800076f   Thumb Code    18  _printf_hex_int_ll_ptr.o(.text)
    __printf                                 0x08000785   Thumb Code   388  __printf_flags_ss_wp.o(.text)
    _ll_udiv10                               0x08000913   Thumb Code   138  lludiv10.o(.text)
    _printf_int_common                       0x0800099d   Thumb Code   178  _printf_intcommon.o(.text)
    _printf_fp_dec_real                      0x08000bff   Thumb Code   620  _printf_fp_dec.o(.text)
    _printf_fp_hex_real                      0x08000e71   Thumb Code   756  _printf_fp_hex.o(.text)
    _printf_cs_common                        0x08001173   Thumb Code    20  _printf_char.o(.text)
    _printf_char                             0x08001187   Thumb Code    16  _printf_char.o(.text)
    _printf_string                           0x08001197   Thumb Code     8  _printf_char.o(.text)
    _printf_lcs_common                       0x0800119f   Thumb Code    20  _printf_wchar.o(.text)
    _printf_wchar                            0x080011b3   Thumb Code    16  _printf_wchar.o(.text)
    _printf_wstring                          0x080011c3   Thumb Code     8  _printf_wchar.o(.text)
    ferror                                   0x080011cb   Thumb Code     8  ferror.o(.text)
    _c16rtomb                                0x080011d3   Thumb Code    72  _c16rtomb.o(.text)
    _wcrtomb                                 0x080011d3   Thumb Code     0  _c16rtomb.o(.text)
    __user_libspace                          0x0800121d   Thumb Code     8  libspace.o(.text)
    __user_perproc_libspace                  0x0800121d   Thumb Code     0  libspace.o(.text)
    __user_perthread_libspace                0x0800121d   Thumb Code     0  libspace.o(.text)
    __user_setup_stackheap                   0x08001225   Thumb Code    74  sys_stackheap_outer.o(.text)
    __rt_ctype_table                         0x08001271   Thumb Code    16  rt_ctype_table.o(.text)
    __rt_locale                              0x08001281   Thumb Code     8  rt_locale_intlibspace.o(.text)
    _printf_fp_infnan                        0x08001289   Thumb Code   112  _printf_fp_infnan.o(.text)
    _btod_etento                             0x08001309   Thumb Code   224  bigflt0.o(.text)
    exit                                     0x080013ed   Thumb Code    18  exit.o(.text)
    strcmp                                   0x08001401   Thumb Code   124  strcmpv7em.o(.text)
    _sys_exit                                0x0800147d   Thumb Code     8  sys_exit.o(.text)
    __I$use$semihosting                      0x08001489   Thumb Code     0  use_no_semi.o(.text)
    __use_no_semihosting_swi                 0x08001489   Thumb Code     2  use_no_semi.o(.text)
    __semihosting_library_function           0x0800148b   Thumb Code     0  indicate_semi.o(.text)
    Button_Init                              0x0800148d   Thumb Code    74  button.o(.text.Button_Init)
    Display_Inches                           0x080014d9   Thumb Code   136  main.o(.text.Display_Inches)
    I2C1_ER_IRQHandler                       0x08001569   Thumb Code     2  i2c.o(.text.I2C1_ER_IRQHandler)
    I2C1_EV_IRQHandler                       0x0800156d   Thumb Code     2  i2c.o(.text.I2C1_EV_IRQHandler)
    I2C_GPIO_init                            0x08001571   Thumb Code   122  i2c.o(.text.I2C_GPIO_init)
    I2C_Initialization                       0x080015ed   Thumb Code   444  i2c.o(.text.I2C_Initialization)
    InitDAC                                  0x080017a9   Thumb Code    98  dac.o(.text.InitDAC)
    LED_Init                                 0x0800180d   Thumb Code    88  led.o(.text.LED_Init)
    LED_Off                                  0x08001865   Thumb Code    16  led.o(.text.LED_Off)
    LED_On                                   0x08001875   Thumb Code    16  led.o(.text.LED_On)
    SysTick_Handler                          0x08001885   Thumb Code    16  systimer.o(.text.SysTick_Handler)
    SysTick_Init                             0x08001895   Thumb Code    94  systimer.o(.text.SysTick_Init)
    System_Clock_Init                        0x080018f5   Thumb Code   466  sysclock.o(.text.System_Clock_Init)
    TIM3_CH2_Init                            0x08001ac9   Thumb Code   258  main.o(.text.TIM3_CH2_Init)
    TIM4_CH1_Init                            0x08001bcd   Thumb Code   284  main.o(.text.TIM4_CH1_Init)
    TIM4_IRQHandler                          0x08001ce9   Thumb Code   140  main.o(.text.TIM4_IRQHandler)
    TIM6_DAC_IRQHandler                      0x08001d75   Thumb Code   124  dac.o(.text.TIM6_DAC_IRQHandler)
    TIM6_Init                                0x08001df1   Thumb Code   126  dac.o(.text.TIM6_Init)
    UART2_GPIO_Init                          0x08001e71   Thumb Code   102  uart.o(.text.UART2_GPIO_Init)
    UART2_Init                               0x08001ed9   Thumb Code    60  uart.o(.text.UART2_Init)
    USART_Delay                              0x08001f15   Thumb Code    50  uart.o(.text.USART_Delay)
    USART_Init                               0x08001f49   Thumb Code   240  uart.o(.text.USART_Init)
    USART_Write                              0x08002039   Thumb Code   100  uart.o(.text.USART_Write)
    delay                                    0x080021f9   Thumb Code    42  systimer.o(.text.delay)
    fputc                                    0x08002225   Thumb Code    38  uart_printf.o(.text.fputc)
    main                                     0x0800224d   Thumb Code    88  main.o(.text.main)
    playNote                                 0x080022a5   Thumb Code    82  dac.o(.text.playNote)
    _btod_d2e                                0x080022f7   Thumb Code    62  btod.o(CL$$btod_d2e)
    _d2e_denorm_low                          0x08002335   Thumb Code    70  btod.o(CL$$btod_d2e_denorm_low)
    _d2e_norm_op1                            0x0800237b   Thumb Code    96  btod.o(CL$$btod_d2e_norm_op1)
    __btod_div_common                        0x080023dd   Thumb Code   696  btod.o(CL$$btod_div_common)
    _e2e                                     0x08002715   Thumb Code   220  btod.o(CL$$btod_e2e)
    _btod_ediv                               0x080027f1   Thumb Code    42  btod.o(CL$$btod_ediv)
    _btod_emul                               0x0800281b   Thumb Code    42  btod.o(CL$$btod_emul)
    __btod_mult_common                       0x08002845   Thumb Code   580  btod.o(CL$$btod_mult_common)
    __ARM_fpclassify                         0x08002a89   Thumb Code    48  fpclassify.o(i.__ARM_fpclassify)
    _is_digit                                0x08002ab9   Thumb Code    14  __printf_wp.o(i._is_digit)
    _get_lc_numeric                          0x08002ac9   Thumb Code    44  lc_numeric_c.o(locale$$code)
    _get_lc_ctype                            0x08002af5   Thumb Code    44  lc_ctype_c.o(locale$$code)
    __aeabi_d2f                              0x08002b21   Thumb Code     0  d2f.o(x$fpl$d2f)
    _d2f                                     0x08002b21   Thumb Code    98  d2f.o(x$fpl$d2f)
    __aeabi_ddiv                             0x08002b85   Thumb Code     0  ddiv.o(x$fpl$ddiv)
    _ddiv                                    0x08002b85   Thumb Code   560  ddiv.o(x$fpl$ddiv)
    __aeabi_i2d                              0x08002e3d   Thumb Code     0  dflt_clz.o(x$fpl$dflt)
    _dflt                                    0x08002e3d   Thumb Code    46  dflt_clz.o(x$fpl$dflt)
    __fpl_dnaninf                            0x08002e6b   Thumb Code   156  dnaninf.o(x$fpl$dnaninf)
    __fpl_dretinf                            0x08002f07   Thumb Code    12  dretinf.o(x$fpl$dretinf)
    __aeabi_f2d                              0x08002f15   Thumb Code     0  f2d.o(x$fpl$f2d)
    _f2d                                     0x08002f15   Thumb Code    86  f2d.o(x$fpl$f2d)
    __fpl_fnaninf                            0x08002f6b   Thumb Code   140  fnaninf.o(x$fpl$fnaninf)
    _fp_init                                 0x08002ff7   Thumb Code    26  fpinit.o(x$fpl$fpinit)
    __fplib_config_fpu_vfp                   0x0800300f   Thumb Code     0  fpinit.o(x$fpl$fpinit)
    __fplib_config_pureend_doubles           0x0800300f   Thumb Code     0  fpinit.o(x$fpl$fpinit)
    __fpl_fretinf                            0x08003011   Thumb Code    10  fretinf.o(x$fpl$fretinf)
    _printf_fp_dec                           0x0800301b   Thumb Code     4  printf1.o(x$fpl$printf1)
    _printf_fp_hex                           0x0800301f   Thumb Code     4  printf2.o(x$fpl$printf2)
    __I$use$fp                               0x08003022   Number         0  usenofp.o(x$fpl$usenofp)
    Region$$Table$$Base                      0x08003148   Number         0  anon$$obj.o(Region$$Table)
    Region$$Table$$Limit                     0x08003158   Number         0  anon$$obj.o(Region$$Table)
    __ctype                                  0x08003181   Data           0  lc_ctype_c.o(locale$$data)
    Image$$ER_IROM1$$RO$$Limit               0x08003284   Number         0  anon$$obj.o ABSOLUTE
    Image$$ER_IROM1$$RW$$Base                0x08003284   Number         0  anon$$obj.o ABSOLUTE
    Image$$ER_IROM1$$RW$$Limit               0x08003284   Number         0  anon$$obj.o ABSOLUTE
    Image$$ER_IROM1$$ZI$$Base                0x08003284   Number         0  anon$$obj.o ABSOLUTE
    Image$$ER_IROM1$$ZI$$Limit               0x08003284   Number         0  anon$$obj.o ABSOLUTE
    Load$$RW_IRAM1$$Base                     0x08003284   Number         0  anon$$obj.o ABSOLUTE
    Image$$RW_IRAM1$$Base                    0x20000000   Number         0  anon$$obj.o ABSOLUTE
    Image$$RW_IRAM1$$Limit                   0x20000000   Number         0  anon$$obj.o ABSOLUTE
    Image$$RW_IRAM1$$RO$$Base                0x20000000   Number         0  anon$$obj.o ABSOLUTE
    Image$$RW_IRAM1$$RW$$Base                0x20000000   Number         0  anon$$obj.o ABSOLUTE
    Image$$RW_IRAM1$$RW$$Limit               0x20000000   Number         0  anon$$obj.o ABSOLUTE
    Image$$RW_IRAM1$$ZI$$Base                0x20000000   Number         0  anon$$obj.o ABSOLUTE
    __libspace_start                         0x20000000   Data          96  libspace.o(.bss)
    __stdout                                 0x20000060   Data           4  uart_printf.o(.bss.__stdout)
    __temporary_stack_top$libspace           0x20000060   Data           0  libspace.o(.bss)
    bKillNote                                0x20000064   Data           1  dac.o(.bss.bKillNote)
    current                                  0x20000068   Data           4  main.o(.bss.current)
    data                                     0x2000006c   Data         200  dac.o(.bss.data)
    last                                     0x20000134   Data           4  main.o(.bss.last)
    msTicks                                  0x20000138   Data           4  systimer.o(.bss.msTicks)
    overflow                                 0x2000013c   Data           4  main.o(.bss.overflow)
    time                                     0x20000140   Data           4  main.o(.bss.time)
    waveIndex                                0x20000144   Data           2  dac.o(.bss.waveIndex)
    Image$$RW_IRAM1$$ZI$$Limit               0x20000748   Number         0  anon$$obj.o ABSOLUTE



==============================================================================

Memory Map of the image

  Image Entry point : 0x08000189

  Load Region LR_IROM1 (Base: 0x08000000, Size: 0x00003284, Max: 0x00100000, ABSOLUTE)

    Execution Region ER_IROM1 (Exec base: 0x08000000, Load base: 0x08000000, Size: 0x00003284, Max: 0x00100000, ABSOLUTE)

    Exec Addr    Load Addr    Size         Type   Attr      Idx    E Section Name        Object

    0x08000000   0x08000000   0x00000188   Data   RO           34    RESET               startup_stm32l476xx.o
    0x08000188   0x08000188   0x00000008   Code   RO          253  * !!!main             c_w.l(__main.o)
    0x08000190   0x08000190   0x0000005c   Code   RO          686    !!!scatter          c_w.l(__scatter.o)
    0x080001ec   0x080001ec   0x00000002   Code   RO          687    !!handler_null      c_w.l(__scatter.o)
    0x080001ee   0x080001ee   0x00000002   PAD
    0x080001f0   0x080001f0   0x0000001c   Code   RO          690    !!handler_zi        c_w.l(__scatter_zi.o)
    0x0800020c   0x0800020c   0x00000000   Code   RO          379    .ARM.Collect$$_printf_percent$$00000000  c_w.l(_printf_percent.o)
    0x0800020c   0x0800020c   0x00000006   Code   RO          368    .ARM.Collect$$_printf_percent$$00000001  c_w.l(_printf_n.o)
    0x08000212   0x08000212   0x00000006   Code   RO          370    .ARM.Collect$$_printf_percent$$00000002  c_w.l(_printf_p.o)
    0x08000218   0x08000218   0x00000006   Code   RO          375    .ARM.Collect$$_printf_percent$$00000003  c_w.l(_printf_f.o)
    0x0800021e   0x0800021e   0x00000006   Code   RO          376    .ARM.Collect$$_printf_percent$$00000004  c_w.l(_printf_e.o)
    0x08000224   0x08000224   0x00000006   Code   RO          377    .ARM.Collect$$_printf_percent$$00000005  c_w.l(_printf_g.o)
    0x0800022a   0x0800022a   0x00000006   Code   RO          378    .ARM.Collect$$_printf_percent$$00000006  c_w.l(_printf_a.o)
    0x08000230   0x08000230   0x0000000a   Code   RO          383    .ARM.Collect$$_printf_percent$$00000007  c_w.l(_printf_ll.o)
    0x0800023a   0x0800023a   0x00000006   Code   RO          372    .ARM.Collect$$_printf_percent$$00000008  c_w.l(_printf_i.o)
    0x08000240   0x08000240   0x00000006   Code   RO          373    .ARM.Collect$$_printf_percent$$00000009  c_w.l(_printf_d.o)
    0x08000246   0x08000246   0x00000006   Code   RO          374    .ARM.Collect$$_printf_percent$$0000000A  c_w.l(_printf_u.o)
    0x0800024c   0x0800024c   0x00000006   Code   RO          371    .ARM.Collect$$_printf_percent$$0000000B  c_w.l(_printf_o.o)
    0x08000252   0x08000252   0x00000006   Code   RO          369    .ARM.Collect$$_printf_percent$$0000000C  c_w.l(_printf_x.o)
    0x08000258   0x08000258   0x00000006   Code   RO          380    .ARM.Collect$$_printf_percent$$0000000D  c_w.l(_printf_lli.o)
    0x0800025e   0x0800025e   0x00000006   Code   RO          381    .ARM.Collect$$_printf_percent$$0000000E  c_w.l(_printf_lld.o)
    0x08000264   0x08000264   0x00000006   Code   RO          382    .ARM.Collect$$_printf_percent$$0000000F  c_w.l(_printf_llu.o)
    0x0800026a   0x0800026a   0x00000006   Code   RO          387    .ARM.Collect$$_printf_percent$$00000010  c_w.l(_printf_llo.o)
    0x08000270   0x08000270   0x00000006   Code   RO          388    .ARM.Collect$$_printf_percent$$00000011  c_w.l(_printf_llx.o)
    0x08000276   0x08000276   0x0000000a   Code   RO          384    .ARM.Collect$$_printf_percent$$00000012  c_w.l(_printf_l.o)
    0x08000280   0x08000280   0x00000006   Code   RO          366    .ARM.Collect$$_printf_percent$$00000013  c_w.l(_printf_c.o)
    0x08000286   0x08000286   0x00000006   Code   RO          367    .ARM.Collect$$_printf_percent$$00000014  c_w.l(_printf_s.o)
    0x0800028c   0x0800028c   0x00000006   Code   RO          385    .ARM.Collect$$_printf_percent$$00000015  c_w.l(_printf_lc.o)
    0x08000292   0x08000292   0x00000006   Code   RO          386    .ARM.Collect$$_printf_percent$$00000016  c_w.l(_printf_ls.o)
    0x08000298   0x08000298   0x00000004   Code   RO          472    .ARM.Collect$$_printf_percent$$00000017  c_w.l(_printf_percent_end.o)
    0x0800029c   0x0800029c   0x00000002   Code   RO          540    .ARM.Collect$$libinit$$00000000  c_w.l(libinit.o)
    0x0800029e   0x0800029e   0x00000004   Code   RO          552    .ARM.Collect$$libinit$$00000001  c_w.l(libinit2.o)
    0x080002a2   0x080002a2   0x00000000   Code   RO          555    .ARM.Collect$$libinit$$00000004  c_w.l(libinit2.o)
    0x080002a2   0x080002a2   0x00000000   Code   RO          557    .ARM.Collect$$libinit$$00000006  c_w.l(libinit2.o)
    0x080002a2   0x080002a2   0x00000000   Code   RO          560    .ARM.Collect$$libinit$$0000000C  c_w.l(libinit2.o)
    0x080002a2   0x080002a2   0x00000000   Code   RO          562    .ARM.Collect$$libinit$$0000000E  c_w.l(libinit2.o)
    0x080002a2   0x080002a2   0x00000000   Code   RO          564    .ARM.Collect$$libinit$$00000010  c_w.l(libinit2.o)
    0x080002a2   0x080002a2   0x00000006   Code   RO          565    .ARM.Collect$$libinit$$00000011  c_w.l(libinit2.o)
    0x080002a8   0x080002a8   0x00000000   Code   RO          567    .ARM.Collect$$libinit$$00000013  c_w.l(libinit2.o)
    0x080002a8   0x080002a8   0x0000000c   Code   RO          568    .ARM.Collect$$libinit$$00000014  c_w.l(libinit2.o)
    0x080002b4   0x080002b4   0x00000000   Code   RO          569    .ARM.Collect$$libinit$$00000015  c_w.l(libinit2.o)
    0x080002b4   0x080002b4   0x00000000   Code   RO          571    .ARM.Collect$$libinit$$00000017  c_w.l(libinit2.o)
    0x080002b4   0x080002b4   0x0000000a   Code   RO          572    .ARM.Collect$$libinit$$00000018  c_w.l(libinit2.o)
    0x080002be   0x080002be   0x00000000   Code   RO          573    .ARM.Collect$$libinit$$00000019  c_w.l(libinit2.o)
    0x080002be   0x080002be   0x00000000   Code   RO          575    .ARM.Collect$$libinit$$0000001B  c_w.l(libinit2.o)
    0x080002be   0x080002be   0x00000000   Code   RO          577    .ARM.Collect$$libinit$$0000001D  c_w.l(libinit2.o)
    0x080002be   0x080002be   0x00000000   Code   RO          579    .ARM.Collect$$libinit$$0000001F  c_w.l(libinit2.o)
    0x080002be   0x080002be   0x00000000   Code   RO          581    .ARM.Collect$$libinit$$00000021  c_w.l(libinit2.o)
    0x080002be   0x080002be   0x00000000   Code   RO          583    .ARM.Collect$$libinit$$00000023  c_w.l(libinit2.o)
    0x080002be   0x080002be   0x00000000   Code   RO          585    .ARM.Collect$$libinit$$00000025  c_w.l(libinit2.o)
    0x080002be   0x080002be   0x00000000   Code   RO          587    .ARM.Collect$$libinit$$00000027  c_w.l(libinit2.o)
    0x080002be   0x080002be   0x00000000   Code   RO          591    .ARM.Collect$$libinit$$0000002E  c_w.l(libinit2.o)
    0x080002be   0x080002be   0x00000000   Code   RO          593    .ARM.Collect$$libinit$$00000030  c_w.l(libinit2.o)
    0x080002be   0x080002be   0x00000000   Code   RO          595    .ARM.Collect$$libinit$$00000032  c_w.l(libinit2.o)
    0x080002be   0x080002be   0x00000000   Code   RO          597    .ARM.Collect$$libinit$$00000034  c_w.l(libinit2.o)
    0x080002be   0x080002be   0x00000002   Code   RO          598    .ARM.Collect$$libinit$$00000035  c_w.l(libinit2.o)
    0x080002c0   0x080002c0   0x00000002   Code   RO          622    .ARM.Collect$$libshutdown$$00000000  c_w.l(libshutdown.o)
    0x080002c2   0x080002c2   0x00000000   Code   RO          637    .ARM.Collect$$libshutdown$$00000002  c_w.l(libshutdown2.o)
    0x080002c2   0x080002c2   0x00000000   Code   RO          639    .ARM.Collect$$libshutdown$$00000004  c_w.l(libshutdown2.o)
    0x080002c2   0x080002c2   0x00000000   Code   RO          642    .ARM.Collect$$libshutdown$$00000007  c_w.l(libshutdown2.o)
    0x080002c2   0x080002c2   0x00000000   Code   RO          645    .ARM.Collect$$libshutdown$$0000000A  c_w.l(libshutdown2.o)
    0x080002c2   0x080002c2   0x00000000   Code   RO          647    .ARM.Collect$$libshutdown$$0000000C  c_w.l(libshutdown2.o)
    0x080002c2   0x080002c2   0x00000000   Code   RO          650    .ARM.Collect$$libshutdown$$0000000F  c_w.l(libshutdown2.o)
    0x080002c2   0x080002c2   0x00000002   Code   RO          651    .ARM.Collect$$libshutdown$$00000010  c_w.l(libshutdown2.o)
    0x080002c4   0x080002c4   0x00000000   Code   RO          293    .ARM.Collect$$rtentry$$00000000  c_w.l(__rtentry.o)
    0x080002c4   0x080002c4   0x00000000   Code   RO          436    .ARM.Collect$$rtentry$$00000002  c_w.l(__rtentry2.o)
    0x080002c4   0x080002c4   0x00000006   Code   RO          448    .ARM.Collect$$rtentry$$00000004  c_w.l(__rtentry4.o)
    0x080002ca   0x080002ca   0x00000000   Code   RO          438    .ARM.Collect$$rtentry$$00000009  c_w.l(__rtentry2.o)
    0x080002ca   0x080002ca   0x00000004   Code   RO          439    .ARM.Collect$$rtentry$$0000000A  c_w.l(__rtentry2.o)
    0x080002ce   0x080002ce   0x00000000   Code   RO          441    .ARM.Collect$$rtentry$$0000000C  c_w.l(__rtentry2.o)
    0x080002ce   0x080002ce   0x00000008   Code   RO          442    .ARM.Collect$$rtentry$$0000000D  c_w.l(__rtentry2.o)
    0x080002d6   0x080002d6   0x00000002   Code   RO          543    .ARM.Collect$$rtexit$$00000000  c_w.l(rtexit.o)
    0x080002d8   0x080002d8   0x00000000   Code   RO          600    .ARM.Collect$$rtexit$$00000002  c_w.l(rtexit2.o)
    0x080002d8   0x080002d8   0x00000004   Code   RO          601    .ARM.Collect$$rtexit$$00000003  c_w.l(rtexit2.o)
    0x080002dc   0x080002dc   0x00000006   Code   RO          602    .ARM.Collect$$rtexit$$00000004  c_w.l(rtexit2.o)
    0x080002e2   0x080002e2   0x00000002   PAD
    0x080002e4   0x080002e4   0x00000084   Code   RO           35    .text               startup_stm32l476xx.o
    0x08000368   0x08000368   0x00000018   Code   RO          245    .text               c_w.l(printf.o)
    0x08000380   0x08000380   0x00000006   Code   RO          251    .text               c_w.l(heapauxi.o)
    0x08000386   0x08000386   0x0000004e   Code   RO          298    .text               c_w.l(_printf_pad.o)
    0x080003d4   0x080003d4   0x00000024   Code   RO          300    .text               c_w.l(_printf_truncate.o)
    0x080003f8   0x080003f8   0x00000052   Code   RO          302    .text               c_w.l(_printf_str.o)
    0x0800044a   0x0800044a   0x00000002   PAD
    0x0800044c   0x0800044c   0x00000078   Code   RO          304    .text               c_w.l(_printf_dec.o)
    0x080004c4   0x080004c4   0x00000028   Code   RO          306    .text               c_w.l(_printf_charcount.o)
    0x080004ec   0x080004ec   0x00000030   Code   RO          308    .text               c_w.l(_printf_char_common.o)
    0x0800051c   0x0800051c   0x00000024   Code   RO          312    .text               c_w.l(_printf_char_file.o)
    0x08000540   0x08000540   0x000000c2   Code   RO          314    .text               c_w.l(_printf_wctomb.o)
    0x08000602   0x08000602   0x00000002   PAD
    0x08000604   0x08000604   0x0000007c   Code   RO          317    .text               c_w.l(_printf_longlong_dec.o)
    0x08000680   0x08000680   0x00000070   Code   RO          323    .text               c_w.l(_printf_oct_int_ll.o)
    0x080006f0   0x080006f0   0x00000094   Code   RO          343    .text               c_w.l(_printf_hex_int_ll_ptr.o)
    0x08000784   0x08000784   0x0000018e   Code   RO          363    .text               c_w.l(__printf_flags_ss_wp.o)
    0x08000912   0x08000912   0x0000008a   Code   RO          455    .text               c_w.l(lludiv10.o)
    0x0800099c   0x0800099c   0x000000b2   Code   RO          457    .text               c_w.l(_printf_intcommon.o)
    0x08000a4e   0x08000a4e   0x00000422   Code   RO          459    .text               c_w.l(_printf_fp_dec.o)
    0x08000e70   0x08000e70   0x00000302   Code   RO          463    .text               c_w.l(_printf_fp_hex.o)
    0x08001172   0x08001172   0x0000002c   Code   RO          468    .text               c_w.l(_printf_char.o)
    0x0800119e   0x0800119e   0x0000002c   Code   RO          470    .text               c_w.l(_printf_wchar.o)
    0x080011ca   0x080011ca   0x00000008   Code   RO          473    .text               c_w.l(ferror.o)
    0x080011d2   0x080011d2   0x00000048   Code   RO          477    .text               c_w.l(_c16rtomb.o)
    0x0800121a   0x0800121a   0x00000002   PAD
    0x0800121c   0x0800121c   0x00000008   Code   RO          489    .text               c_w.l(libspace.o)
    0x08001224   0x08001224   0x0000004a   Code   RO          492    .text               c_w.l(sys_stackheap_outer.o)
    0x0800126e   0x0800126e   0x00000002   PAD
    0x08001270   0x08001270   0x00000010   Code   RO          494    .text               c_w.l(rt_ctype_table.o)
    0x08001280   0x08001280   0x00000008   Code   RO          499    .text               c_w.l(rt_locale_intlibspace.o)
    0x08001288   0x08001288   0x00000080   Code   RO          501    .text               c_w.l(_printf_fp_infnan.o)
    0x08001308   0x08001308   0x000000e4   Code   RO          503    .text               c_w.l(bigflt0.o)
    0x080013ec   0x080013ec   0x00000012   Code   RO          533    .text               c_w.l(exit.o)
    0x080013fe   0x080013fe   0x00000002   PAD
    0x08001400   0x08001400   0x0000007c   Code   RO          550    .text               c_w.l(strcmpv7em.o)
    0x0800147c   0x0800147c   0x0000000c   Code   RO          612    .text               c_w.l(sys_exit.o)
    0x08001488   0x08001488   0x00000002   Code   RO          627    .text               c_w.l(use_no_semi.o)
    0x0800148a   0x0800148a   0x00000000   Code   RO          629    .text               c_w.l(indicate_semi.o)
    0x0800148a   0x0800148a   0x00000002   PAD
    0x0800148c   0x0800148c   0x0000004a   Code   RO          193    .text.Button_Init   button.o
    0x080014d6   0x080014d6   0x00000002   PAD
    0x080014d8   0x080014d8   0x00000090   Code   RO            8    .text.Display_Inches  main.o
    0x08001568   0x08001568   0x00000002   Code   RO           58    .text.I2C1_ER_IRQHandler  i2c.o
    0x0800156a   0x0800156a   0x00000002   PAD
    0x0800156c   0x0800156c   0x00000002   Code   RO           56    .text.I2C1_EV_IRQHandler  i2c.o
    0x0800156e   0x0800156e   0x00000002   PAD
    0x08001570   0x08001570   0x0000007a   Code   RO           42    .text.I2C_GPIO_init  i2c.o
    0x080015ea   0x080015ea   0x00000002   PAD
    0x080015ec   0x080015ec   0x000001bc   Code   RO           44    .text.I2C_Initialization  i2c.o
    0x080017a8   0x080017a8   0x00000062   Code   RO          231    .text.InitDAC       dac.o
    0x0800180a   0x0800180a   0x00000002   PAD
    0x0800180c   0x0800180c   0x00000058   Code   RO          204    .text.LED_Init      led.o
    0x08001864   0x08001864   0x00000010   Code   RO          208    .text.LED_Off       led.o
    0x08001874   0x08001874   0x00000010   Code   RO          206    .text.LED_On        led.o
    0x08001884   0x08001884   0x00000010   Code   RO          137    .text.SysTick_Handler  systimer.o
    0x08001894   0x08001894   0x0000005e   Code   RO          131    .text.SysTick_Init  systimer.o
    0x080018f2   0x080018f2   0x00000002   PAD
    0x080018f4   0x080018f4   0x000001d2   Code   RO          151    .text.System_Clock_Init  sysclock.o
    0x08001ac6   0x08001ac6   0x00000002   PAD
    0x08001ac8   0x08001ac8   0x00000102   Code   RO            6    .text.TIM3_CH2_Init  main.o
    0x08001bca   0x08001bca   0x00000002   PAD
    0x08001bcc   0x08001bcc   0x0000011c   Code   RO            4    .text.TIM4_CH1_Init  main.o
    0x08001ce8   0x08001ce8   0x0000008c   Code   RO           16    .text.TIM4_IRQHandler  main.o
    0x08001d74   0x08001d74   0x0000007c   Code   RO          227    .text.TIM6_DAC_IRQHandler  dac.o
    0x08001df0   0x08001df0   0x0000007e   Code   RO          221    .text.TIM6_Init     dac.o
    0x08001e6e   0x08001e6e   0x00000002   PAD
    0x08001e70   0x08001e70   0x00000066   Code   RO          161    .text.UART2_GPIO_Init  uart.o
    0x08001ed6   0x08001ed6   0x00000002   PAD
    0x08001ed8   0x08001ed8   0x0000003c   Code   RO          159    .text.UART2_Init    uart.o
    0x08001f14   0x08001f14   0x00000032   Code   RO          169    .text.USART_Delay   uart.o
    0x08001f46   0x08001f46   0x00000002   PAD
    0x08001f48   0x08001f48   0x000000f0   Code   RO          163    .text.USART_Init    uart.o
    0x08002038   0x08002038   0x00000064   Code   RO          167    .text.USART_Write   uart.o
    0x0800209c   0x0800209c   0x00000030   Code   RO           14    .text.__NVIC_EnableIRQ  main.o
    0x080020cc   0x080020cc   0x00000030   Code   RO          135    .text.__NVIC_EnableIRQ  systimer.o
    0x080020fc   0x080020fc   0x00000030   Code   RO          225    .text.__NVIC_EnableIRQ  dac.o
    0x0800212c   0x0800212c   0x00000042   Code   RO           12    .text.__NVIC_SetPriority  main.o
    0x0800216e   0x0800216e   0x00000002   PAD
    0x08002170   0x08002170   0x00000042   Code   RO          133    .text.__NVIC_SetPriority  systimer.o
    0x080021b2   0x080021b2   0x00000002   PAD
    0x080021b4   0x080021b4   0x00000042   Code   RO          223    .text.__NVIC_SetPriority  dac.o
    0x080021f6   0x080021f6   0x00000002   PAD
    0x080021f8   0x080021f8   0x0000002a   Code   RO          139    .text.delay         systimer.o
    0x08002222   0x08002222   0x00000002   PAD
    0x08002224   0x08002224   0x00000026   Code   RO          180    .text.fputc         uart_printf.o
    0x0800224a   0x0800224a   0x00000002   PAD
    0x0800224c   0x0800224c   0x00000058   Code   RO            2    .text.main          main.o
    0x080022a4   0x080022a4   0x00000052   Code   RO          229    .text.playNote      dac.o
    0x080022f6   0x080022f6   0x0000003e   Code   RO          506    CL$$btod_d2e        c_w.l(btod.o)
    0x08002334   0x08002334   0x00000046   Code   RO          508    CL$$btod_d2e_denorm_low  c_w.l(btod.o)
    0x0800237a   0x0800237a   0x00000060   Code   RO          507    CL$$btod_d2e_norm_op1  c_w.l(btod.o)
    0x080023da   0x080023da   0x00000002   PAD
    0x080023dc   0x080023dc   0x00000338   Code   RO          516    CL$$btod_div_common  c_w.l(btod.o)
    0x08002714   0x08002714   0x000000dc   Code   RO          513    CL$$btod_e2e        c_w.l(btod.o)
    0x080027f0   0x080027f0   0x0000002a   Code   RO          510    CL$$btod_ediv       c_w.l(btod.o)
    0x0800281a   0x0800281a   0x0000002a   Code   RO          509    CL$$btod_emul       c_w.l(btod.o)
    0x08002844   0x08002844   0x00000244   Code   RO          515    CL$$btod_mult_common  c_w.l(btod.o)
    0x08002a88   0x08002a88   0x00000030   Code   RO          485    i.__ARM_fpclassify  m_wm.l(fpclassify.o)
    0x08002ab8   0x08002ab8   0x0000000e   Code   RO          356    i._is_digit         c_w.l(__printf_wp.o)
    0x08002ac6   0x08002ac6   0x00000002   PAD
    0x08002ac8   0x08002ac8   0x0000002c   Code   RO          531    locale$$code        c_w.l(lc_numeric_c.o)
    0x08002af4   0x08002af4   0x0000002c   Code   RO          548    locale$$code        c_w.l(lc_ctype_c.o)
    0x08002b20   0x08002b20   0x00000062   Code   RO          255    x$fpl$d2f           fz_wm.l(d2f.o)
    0x08002b82   0x08002b82   0x00000002   PAD
    0x08002b84   0x08002b84   0x000002b8   Code   RO          264    x$fpl$ddiv          fz_wm.l(ddiv.o)
    0x08002e3c   0x08002e3c   0x0000002e   Code   RO          272    x$fpl$dflt          fz_wm.l(dflt_clz.o)
    0x08002e6a   0x08002e6a   0x0000009c   Code   RO          393    x$fpl$dnaninf       fz_wm.l(dnaninf.o)
    0x08002f06   0x08002f06   0x0000000c   Code   RO          395    x$fpl$dretinf       fz_wm.l(dretinf.o)
    0x08002f12   0x08002f12   0x00000002   PAD
    0x08002f14   0x08002f14   0x00000056   Code   RO          279    x$fpl$f2d           fz_wm.l(f2d.o)
    0x08002f6a   0x08002f6a   0x0000008c   Code   RO          397    x$fpl$fnaninf       fz_wm.l(fnaninf.o)
    0x08002ff6   0x08002ff6   0x0000001a   Code   RO          610    x$fpl$fpinit        fz_wm.l(fpinit.o)
    0x08003010   0x08003010   0x0000000a   Code   RO          399    x$fpl$fretinf       fz_wm.l(fretinf.o)
    0x0800301a   0x0800301a   0x00000004   Code   RO          401    x$fpl$printf1       fz_wm.l(printf1.o)
    0x0800301e   0x0800301e   0x00000004   Code   RO          403    x$fpl$printf2       fz_wm.l(printf2.o)
    0x08003022   0x08003022   0x00000000   Code   RO          409    x$fpl$usenofp       fz_wm.l(usenofp.o)
    0x08003022   0x08003022   0x00000002   PAD
    0x08003024   0x08003024   0x00000008   Data   RO          315    .constdata          c_w.l(_printf_wctomb.o)
    0x0800302c   0x0800302c   0x00000028   Data   RO          344    .constdata          c_w.l(_printf_hex_int_ll_ptr.o)
    0x08003054   0x08003054   0x00000011   Data   RO          364    .constdata          c_w.l(__printf_flags_ss_wp.o)
    0x08003065   0x08003065   0x00000026   Data   RO          464    .constdata          c_w.l(_printf_fp_hex.o)
    0x0800308b   0x0800308b   0x00000001   PAD
    0x0800308c   0x0800308c   0x00000094   Data   RO          504    .constdata          c_w.l(bigflt0.o)
    0x08003120   0x08003120   0x00000025   Data   RO           24    .rodata.str1.1      main.o
    0x08003145   0x08003145   0x00000003   PAD
    0x08003148   0x08003148   0x00000010   Data   RO          685    Region$$Table       anon$$obj.o
    0x08003158   0x08003158   0x0000001c   Data   RO          530    locale$$data        c_w.l(lc_numeric_c.o)
    0x08003174   0x08003174   0x00000110   Data   RO          547    locale$$data        c_w.l(lc_ctype_c.o)


    Execution Region RW_IRAM1 (Exec base: 0x20000000, Load base: 0x08003284, Size: 0x00000748, Max: 0x00018000, ABSOLUTE)

    Exec Addr    Load Addr    Size         Type   Attr      Idx    E Section Name        Object

    0x20000000        -       0x00000060   Zero   RW          490    .bss                c_w.l(libspace.o)
    0x20000060        -       0x00000004   Zero   RW          184    .bss.__stdout       uart_printf.o
    0x20000064        -       0x00000001   Zero   RW          236    .bss.bKillNote      dac.o
    0x20000065   0x08003284   0x00000003   PAD
    0x20000068        -       0x00000004   Zero   RW           21    .bss.current        main.o
    0x2000006c        -       0x000000c8   Zero   RW          235    .bss.data           dac.o
    0x20000134        -       0x00000004   Zero   RW           22    .bss.last           main.o
    0x20000138        -       0x00000004   Zero   RW          143    .bss.msTicks        systimer.o
    0x2000013c        -       0x00000004   Zero   RW           20    .bss.overflow       main.o
    0x20000140        -       0x00000004   Zero   RW           23    .bss.time           main.o
    0x20000144        -       0x00000002   Zero   RW          234    .bss.waveIndex      dac.o
    0x20000146   0x08003284   0x00000002   PAD
    0x20000148        -       0x00000200   Zero   RW           33    HEAP                startup_stm32l476xx.o
    0x20000348        -       0x00000400   Zero   RW           32    STACK               startup_stm32l476xx.o


==============================================================================

Image component sizes


      Code (inc. data)   RO Data    RW Data    ZI Data      Debug   Object Name

        74          0          0          0          0       2048   button.o
       544          0          0          0        203       6856   dac.o
       570          0          0          0          0       4033   i2c.o
       120          0          0          0          0       2067   led.o
      1028          8         37          0         16       7214   main.o
       132         42        392          0       1536        980   startup_stm32l476xx.o
       466          0          0          0          0       2233   sysclock.o
       266          0          0          0          4       4548   systimer.o
       552          0          0          0          0       3449   uart.o
        38          0          0          0          4       1565   uart_printf.o

    ----------------------------------------------------------------------
      3822         50        448          0       1768      34993   Object Totals
         0          0         16          0          0          0   (incl. Generated)
        32          0          3          0          5          0   (incl. Padding)

    ----------------------------------------------------------------------

      Code (inc. data)   RO Data    RW Data    ZI Data      Debug   Library Member Name

         8          0          0          0          0         68   __main.o
       398          4         17          0          0         92   __printf_flags_ss_wp.o
        14          0          0          0          0         68   __printf_wp.o
         0          0          0          0          0          0   __rtentry.o
        12          0          0          0          0          0   __rtentry2.o
         6          0          0          0          0          0   __rtentry4.o
        94          8          0          0          0          0   __scatter.o
        28          0          0          0          0          0   __scatter_zi.o
        72          0          0          0          0         96   _c16rtomb.o
         6          0          0          0          0          0   _printf_a.o
         6          0          0          0          0          0   _printf_c.o
        44          0          0          0          0        108   _printf_char.o
        48          6          0          0          0         96   _printf_char_common.o
        36          4          0          0          0         80   _printf_char_file.o
        40          0          0          0          0         68   _printf_charcount.o
         6          0          0          0          0          0   _printf_d.o
       120         16          0          0          0         92   _printf_dec.o
         6          0          0          0          0          0   _printf_e.o
         6          0          0          0          0          0   _printf_f.o
      1058          0          0          0          0        148   _printf_fp_dec.o
       770          8         38          0          0        100   _printf_fp_hex.o
       128         16          0          0          0         84   _printf_fp_infnan.o
         6          0          0          0          0          0   _printf_g.o
       148          4         40          0          0        160   _printf_hex_int_ll_ptr.o
         6          0          0          0          0          0   _printf_i.o
       178          0          0          0          0         88   _printf_intcommon.o
        10          0          0          0          0          0   _printf_l.o
         6          0          0          0          0          0   _printf_lc.o
        10          0          0          0          0          0   _printf_ll.o
         6          0          0          0          0          0   _printf_lld.o
         6          0          0          0          0          0   _printf_lli.o
         6          0          0          0          0          0   _printf_llo.o
         6          0          0          0          0          0   _printf_llu.o
         6          0          0          0          0          0   _printf_llx.o
       124         16          0          0          0         92   _printf_longlong_dec.o
         6          0          0          0          0          0   _printf_ls.o
         6          0          0          0          0          0   _printf_n.o
         6          0          0          0          0          0   _printf_o.o
       112          8          0          0          0        124   _printf_oct_int_ll.o
         6          0          0          0          0          0   _printf_p.o
        78          0          0          0          0        108   _printf_pad.o
         0          0          0          0          0          0   _printf_percent.o
         4          0          0          0          0          0   _printf_percent_end.o
         6          0          0          0          0          0   _printf_s.o
        82          0          0          0          0         80   _printf_str.o
        36          0          0          0          0         84   _printf_truncate.o
         6          0          0          0          0          0   _printf_u.o
        44          0          0          0          0        108   _printf_wchar.o
       194          6          8          0          0         92   _printf_wctomb.o
         6          0          0          0          0          0   _printf_x.o
       228          4        148          0          0         96   bigflt0.o
      1936        128          0          0          0        668   btod.o
        18          0          0          0          0         80   exit.o
         8          0          0          0          0         68   ferror.o
         6          0          0          0          0        152   heapauxi.o
         0          0          0          0          0          0   indicate_semi.o
        44         10        272          0          0         76   lc_ctype_c.o
        44         10         28          0          0         76   lc_numeric_c.o
         2          0          0          0          0          0   libinit.o
        34          0          0          0          0          0   libinit2.o
         2          0          0          0          0          0   libshutdown.o
         2          0          0          0          0          0   libshutdown2.o
         8          4          0          0         96         68   libspace.o
       138          0          0          0          0         80   lludiv10.o
        24          4          0          0          0         84   printf.o
        16          4          0          0          0         76   rt_ctype_table.o
         8          4          0          0          0         68   rt_locale_intlibspace.o
         2          0          0          0          0          0   rtexit.o
        10          0          0          0          0          0   rtexit2.o
       124          0          0          0          0         88   strcmpv7em.o
        12          4          0          0          0         68   sys_exit.o
        74          0          0          0          0         80   sys_stackheap_outer.o
         2          0          0          0          0         68   use_no_semi.o
        98          4          0          0          0        140   d2f.o
       696        140          0          0          0        264   ddiv.o
        46          0          0          0          0        116   dflt_clz.o
       156          4          0          0          0        140   dnaninf.o
        12          0          0          0          0        116   dretinf.o
        86          4          0          0          0        132   f2d.o
       140          4          0          0          0        132   fnaninf.o
        26          0          0          0          0        116   fpinit.o
        10          0          0          0          0        116   fretinf.o
         4          0          0          0          0        116   printf1.o
         4          0          0          0          0        116   printf2.o
         0          0          0          0          0          0   usenofp.o
        48          0          0          0          0        124   fpclassify.o

    ----------------------------------------------------------------------
      8110        424        552          0         96       5560   Library Totals
        26          0          1          0          0          0   (incl. Padding)

    ----------------------------------------------------------------------

      Code (inc. data)   RO Data    RW Data    ZI Data      Debug   Library Name

      6758        268        551          0         96       3932   c_w.l
      1278        156          0          0          0       1504   fz_wm.l
        48          0          0          0          0        124   m_wm.l

    ----------------------------------------------------------------------
      8110        424        552          0         96       5560   Library Totals

    ----------------------------------------------------------------------

==============================================================================


      Code (inc. data)   RO Data    RW Data    ZI Data      Debug   

     11932        474       1000          0       1864      37313   Grand Totals
     11932        474       1000          0       1864      37313   ELF Image Totals
     11932        474       1000          0          0          0   ROM Totals

==============================================================================

    Total RO  Size (Code + RO Data)                12932 (  12.63kB)
    Total RW  Size (RW Data + ZI Data)              1864 (   1.82kB)
    Total ROM Size (Code + RO Data + RW Data)      12932 (  12.63kB)

==============================================================================

